Component: ARM Compiler 5.06 update 1 (build 61) Tool: armlink [4d35a8]

==============================================================================

Section Cross References

    led.o(i.LED_Init) refers to sys.o(i.GPIO_Set) for GPIO_Set
    led.o(i.LED_Init) refers to sys.o(i.GPIO_Pin_Set) for GPIO_Pin_Set
    led.o(i.LED_Init) refers to led.o(.data) for LED_HANDLE
    led.o(i.LED_OFF) refers to sys.o(i.GPIO_Pin_Set) for GPIO_Pin_Set
    led.o(i.LED_OFF) refers to led.o(.data) for LED_HANDLE
    led.o(i.LED_ON) refers to sys.o(i.GPIO_Pin_Set) for GPIO_Pin_Set
    led.o(i.LED_ON) refers to led.o(.data) for LED_HANDLE
    led.o(i.LED_TOGGLE) refers to sys.o(i.GPIO_Pin_Set) for GPIO_Pin_Set
    led.o(i.LED_TOGGLE) refers to led.o(.data) for LED_HANDLE
    key.o(i.EXTI15_10_IRQHandler) refers to delay.o(i.delay_ms) for delay_ms
    key.o(i.EXTI15_10_IRQHandler) refers to key.o(i.KEY_Scan) for KEY_Scan
    key.o(i.EXTI15_10_IRQHandler) refers to led.o(i.LED_TOGGLE) for LED_TOGGLE
    key.o(i.EXTI15_10_IRQHandler) refers to key.o(.data) for KEY_HANDLE
    key.o(i.KEY_IRQInit) refers to sys.o(i.Ex_NVIC_Config) for Ex_NVIC_Config
    key.o(i.KEY_IRQInit) refers to sys.o(i.MY_NVIC_Init) for MY_NVIC_Init
    key.o(i.KEY_Init) refers to sys.o(i.GPIO_Set) for GPIO_Set
    key.o(i.KEY_Init) refers to key.o(i.KEY_IRQInit) for KEY_IRQInit
    key.o(i.KEY_Init) refers to key.o(.data) for KEY_HANDLE
    key.o(i.KEY_PressedTimes) refers to key.o(.data) for KEY_HANDLE
    key.o(i.KEY_Scan) refers to delay.o(i.delay_ms) for delay_ms
    key.o(i.KEY_Scan) refers to sys.o(i.GPIO_Pin_Get) for GPIO_Pin_Get
    key.o(i.KEY_Scan) refers to key.o(.data) for KEY_HANDLE
    tim.o(i.TIM3_IRQHandler) refers to led.o(i.LED_TOGGLE) for LED_TOGGLE
    tim.o(i.TIM5_IRQHandler) refers to led.o(i.LED_TOGGLE) for LED_TOGGLE
    tim.o(i.TIM5_IRQHandler) refers to tim.o(.data) for times
    tim.o(i.TIM5_PWM_Init) refers to sys.o(i.GPIO_Set) for GPIO_Set
    tim.o(i.TIM5_PWM_Init) refers to sys.o(i.GPIO_AF_Set) for GPIO_AF_Set
    tim.o(i.TIM5_PWM_Init) refers to sys.o(i.MY_NVIC_Init) for MY_NVIC_Init
    tim.o(i.TIMx_Int_Init) refers to sys.o(i.MY_NVIC_Init) for MY_NVIC_Init
    mpu.o(i.MPU_Memory_Protection) refers to mpu.o(i.MPU_Set_Protection) for MPU_Set_Protection
    mpu.o(i.MPU_Set_Protection) refers to mpu.o(i.MPU_Convert_Bytes_To_POT) for MPU_Convert_Bytes_To_POT
    mpu.o(i.MPU_Set_Protection) refers to mpu.o(i.MPU_Disable) for MPU_Disable
    mpu.o(i.MPU_Set_Protection) refers to mpu.o(i.MPU_Enable) for MPU_Enable
    mpu.o(i.MemManage_Handler) refers to noretval__2printf.o(.text) for __2printf
    mpu.o(i.MemManage_Handler) refers to delay.o(i.delay_ms) for delay_ms
    mpu.o(i.MemManage_Handler) refers to sys.o(i.Sys_Soft_Reset) for Sys_Soft_Reset
    ltdc.o(i.LCD_Clear) refers to ltdc.o(.bss) for LCD
    ltdc.o(i.LCD_ClearRect) refers to ltdc.o(.bss) for LCD
    ltdc.o(i.LCD_DisplayChar) refers to ltdc.o(i.LCD_DrawPoint) for LCD_DrawPoint
    ltdc.o(i.LCD_DisplayChar) refers to ltdc.o(.data) for LCD_Fonts
    ltdc.o(i.LCD_DisplayChar) refers to ltdc.o(.bss) for LCD
    ltdc.o(i.LCD_DisplayChinese) refers to ltdc.o(i.LCD_DrawPoint) for LCD_DrawPoint
    ltdc.o(i.LCD_DisplayChinese) refers to ltdc.o(.data) for LCD_CHFonts
    ltdc.o(i.LCD_DisplayChinese) refers to ltdc.o(.bss) for LCD
    ltdc.o(i.LCD_DisplayDecimals) refers to _printf_pad.o(.text) for _printf_pre_padding
    ltdc.o(i.LCD_DisplayDecimals) refers to _printf_percent.o(.ARM.Collect$$_printf_percent$$00000000) for _printf_percent
    ltdc.o(i.LCD_DisplayDecimals) refers to _printf_f.o(.ARM.Collect$$_printf_percent$$00000003) for _printf_f
    ltdc.o(i.LCD_DisplayDecimals) refers to printf1.o(x$fpl$printf1) for _printf_fp_dec
    ltdc.o(i.LCD_DisplayDecimals) refers to noretval__2sprintf.o(.text) for __2sprintf
    ltdc.o(i.LCD_DisplayDecimals) refers to ltdc.o(i.LCD_DisplayString) for LCD_DisplayString
    ltdc.o(i.LCD_DisplayDecimals) refers to ltdc.o(.bss) for LCD
    ltdc.o(i.LCD_DisplayDirection) refers to ltdc.o(.bss) for LCD
    ltdc.o(i.LCD_DisplayNumber) refers to _printf_percent.o(.ARM.Collect$$_printf_percent$$00000000) for _printf_percent
    ltdc.o(i.LCD_DisplayNumber) refers to _printf_d.o(.ARM.Collect$$_printf_percent$$00000009) for _printf_d
    ltdc.o(i.LCD_DisplayNumber) refers to _printf_dec.o(.text) for _printf_int_dec
    ltdc.o(i.LCD_DisplayNumber) refers to _printf_pad.o(.text) for _printf_pre_padding
    ltdc.o(i.LCD_DisplayNumber) refers to noretval__2sprintf.o(.text) for __2sprintf
    ltdc.o(i.LCD_DisplayNumber) refers to ltdc.o(i.LCD_DisplayString) for LCD_DisplayString
    ltdc.o(i.LCD_DisplayNumber) refers to ltdc.o(.bss) for LCD
    ltdc.o(i.LCD_DisplayString) refers to ltdc.o(i.LCD_DisplayChar) for LCD_DisplayChar
    ltdc.o(i.LCD_DisplayString) refers to ltdc.o(.data) for LCD_Fonts
    ltdc.o(i.LCD_DisplayText) refers to ltdc.o(i.LCD_DisplayChar) for LCD_DisplayChar
[...]
    DFSDM1_FLT0_IRQHandler                   0x900004a3   Thumb Code     0  startup_stm32h750xx.o(.text)
    DFSDM1_FLT1_IRQHandler                   0x900004a3   Thumb Code     0  startup_stm32h750xx.o(.text)
    DFSDM1_FLT2_IRQHandler                   0x900004a3   Thumb Code     0  startup_stm32h750xx.o(.text)
    DFSDM1_FLT3_IRQHandler                   0x900004a3   Thumb Code     0  startup_stm32h750xx.o(.text)
    DMA1_Stream0_IRQHandler                  0x900004a3   Thumb Code     0  startup_stm32h750xx.o(.text)
    DMA1_Stream1_IRQHandler                  0x900004a3   Thumb Code     0  startup_stm32h750xx.o(.text)
    DMA1_Stream2_IRQHandler                  0x900004a3   Thumb Code     0  startup_stm32h750xx.o(.text)
    DMA1_Stream3_IRQHandler                  0x900004a3   Thumb Code     0  startup_stm32h750xx.o(.text)
    DMA1_Stream4_IRQHandler                  0x900004a3   Thumb Code     0  startup_stm32h750xx.o(.text)
    DMA1_Stream5_IRQHandler                  0x900004a3   Thumb Code     0  startup_stm32h750xx.o(.text)
    DMA1_Stream6_IRQHandler                  0x900004a3   Thumb Code     0  startup_stm32h750xx.o(.text)
    DMA1_Stream7_IRQHandler                  0x900004a3   Thumb Code     0  startup_stm32h750xx.o(.text)
    DMA2D_IRQHandler                         0x900004a3   Thumb Code     0  startup_stm32h750xx.o(.text)
    DMA2_Stream0_IRQHandler                  0x900004a3   Thumb Code     0  startup_stm32h750xx.o(.text)
    DMA2_Stream1_IRQHandler                  0x900004a3   Thumb Code     0  startup_stm32h750xx.o(.text)
    DMA2_Stream2_IRQHandler                  0x900004a3   Thumb Code     0  startup_stm32h750xx.o(.text)
    DMA2_Stream3_IRQHandler                  0x900004a3   Thumb Code     0  startup_stm32h750xx.o(.text)
    DMA2_Stream4_IRQHandler                  0x900004a3   Thumb Code     0  startup_stm32h750xx.o(.text)
    DMA2_Stream5_IRQHandler                  0x900004a3   Thumb Code     0  startup_stm32h750xx.o(.text)
    DMA2_Stream6_IRQHandler                  0x900004a3   Thumb Code     0  startup_stm32h750xx.o(.text)
    DMA2_Stream7_IRQHandler                  0x900004a3   Thumb Code     0  startup_stm32h750xx.o(.text)
    DMAMUX1_OVR_IRQHandler                   0x900004a3   Thumb Code     0  startup_stm32h750xx.o(.text)
    DMAMUX2_OVR_IRQHandler                   0x900004a3   Thumb Code     0  startup_stm32h750xx.o(.text)
    ECC_IRQHandler                           0x900004a3   Thumb Code     0  startup_stm32h750xx.o(.text)
    ETH_IRQHandler                           0x900004a3   Thumb Code     0  startup_stm32h750xx.o(.text)
    ETH_WKUP_IRQHandler                      0x900004a3   Thumb Code     0  startup_stm32h750xx.o(.text)
    EXTI0_IRQHandler                         0x900004a3   Thumb Code     0  startup_stm32h750xx.o(.text)
    EXTI1_IRQHandler                         0x900004a3   Thumb Code     0  startup_stm32h750xx.o(.text)
    EXTI2_IRQHandler                         0x900004a3   Thumb Code     0  startup_stm32h750xx.o(.text)
    EXTI3_IRQHandler                         0x900004a3   Thumb Code     0  startup_stm32h750xx.o(.text)
    EXTI4_IRQHandler                         0x900004a3   Thumb Code     0  startup_stm32h750xx.o(.text)
    EXTI9_5_IRQHandler                       0x900004a3   Thumb Code     0  startup_stm32h750xx.o(.text)
    FDCAN1_IT0_IRQHandler                    0x900004a3   Thumb Code     0  startup_stm32h750xx.o(.text)
    FDCAN1_IT1_IRQHandler                    0x900004a3   Thumb Code     0  startup_stm32h750xx.o(.text)
    FDCAN2_IT0_IRQHandler                    0x900004a3   Thumb Code     0  startup_stm32h750xx.o(.text)
    FDCAN2_IT1_IRQHandler                    0x900004a3   Thumb Code     0  startup_stm32h750xx.o(.text)
    FDCAN_CAL_IRQHandler                     0x900004a3   Thumb Code     0  startup_stm32h750xx.o(.text)
    FLASH_IRQHandler                         0x900004a3   Thumb Code     0  startup_stm32h750xx.o(.text)
    FMC_IRQHandler                           0x900004a3   Thumb Code     0  startup_stm32h750xx.o(.text)
    FPU_IRQHandler                           0x900004a3   Thumb Code     0  startup_stm32h750xx.o(.text)
    HASH_RNG_IRQHandler                      0x900004a3   Thumb Code     0  startup_stm32h750xx.o(.text)
    HRTIM1_FLT_IRQHandler                    0x900004a3   Thumb Code     0  startup_stm32h750xx.o(.text)
    HRTIM1_Master_IRQHandler                 0x900004a3   Thumb Code     0  startup_stm32h750xx.o(.text)
    HRTIM1_TIMA_IRQHandler                   0x900004a3   Thumb Code     0  startup_stm32h750xx.o(.text)
    HRTIM1_TIMB_IRQHandler                   0x900004a3   Thumb Code     0  startup_stm32h750xx.o(.text)
    HRTIM1_TIMC_IRQHandler                   0x900004a3   Thumb Code     0  startup_stm32h750xx.o(.text)
    HRTIM1_TIMD_IRQHandler                   0x900004a3   Thumb Code     0  startup_stm32h750xx.o(.text)
    HRTIM1_TIME_IRQHandler                   0x900004a3   Thumb Code     0  startup_stm32h750xx.o(.text)
    HSEM1_IRQHandler                         0x900004a3   Thumb Code     0  startup_stm32h750xx.o(.text)
    I2C1_ER_IRQHandler                       0x900004a3   Thumb Code     0  startup_stm32h750xx.o(.text)
    I2C1_EV_IRQHandler                       0x900004a3   Thumb Code     0  startup_stm32h750xx.o(.text)
    I2C2_ER_IRQHandler                       0x900004a3   Thumb Code     0  startup_stm32h750xx.o(.text)
    I2C2_EV_IRQHandler                       0x900004a3   Thumb Code     0  startup_stm32h750xx.o(.text)
    I2C3_ER_IRQHandler                       0x900004a3   Thumb Code     0  startup_stm32h750xx.o(.text)
    I2C3_EV_IRQHandler                       0x900004a3   Thumb Code     0  startup_stm32h750xx.o(.text)
    I2C4_ER_IRQHandler                       0x900004a3   Thumb Code     0  startup_stm32h750xx.o(.text)
    I2C4_EV_IRQHandler                       0x900004a3   Thumb Code     0  startup_stm32h750xx.o(.text)
    JPEG_IRQHandler                          0x900004a3   Thumb Code     0  startup_stm32h750xx.o(.text)
    LPTIM1_IRQHandler                        0x900004a3   Thumb Code     0  startup_stm32h750xx.o(.text)
    LPTIM2_IRQHandler                        0x900004a3   Thumb Code     0  startup_stm32h750xx.o(.text)
    LPTIM3_IRQHandler                        0x900004a3   Thumb Code     0  startup_stm32h750xx.o(.text)
    LPTIM4_IRQHandler                        0x900004a3   Thumb Code     0  startup_stm32h750xx.o(.text)
    LPTIM5_IRQHandler                        0x900004a3   Thumb Code     0  startup_stm32h750xx.o(.text)
    LPUART1_IRQHandler                       0x900004a3   Thumb Code     0  startup_stm32h750xx.o(.text)
    LTDC_ER_IRQHandler                       0x900004a3   Thumb Code     0  startup_stm32h750xx.o(.text)
    MDIOS_IRQHandler                         0x900004a3   Thumb Code     0  startup_stm32h750xx.o(.text)
    MDIOS_WKUP_IRQHandler                    0x900004a3   Thumb Code     0  startup_stm32h750xx.o(.text)
    MDMA_IRQHandler                          0x900004a3   Thumb Code     0  startup_stm32h750xx.o(.text)
    OTG_FS_EP1_IN_IRQHandler                 0x900004a3   Thumb Code     0  startup_stm32h750xx.o(.text)
    OTG_FS_EP1_OUT_IRQHandler                0x900004a3   Thumb Code     0  startup_stm32h750xx.o(.text)
    OTG_FS_WKUP_IRQHandler                   0x900004a3   Thumb Code     0  startup_stm32h750xx.o(.text)
    OTG_HS_EP1_IN_IRQHandler                 0x900004a3   Thumb Code     0  startup_stm32h750xx.o(.text)
    OTG_HS_EP1_OUT_IRQHandler                0x900004a3   Thumb Code     0  startup_stm32h750xx.o(.text)
    OTG_HS_IRQHandler                        0x900004a3   Thumb Code     0  startup_stm32h750xx.o(.text)
    OTG_HS_WKUP_IRQHandler                   0x900004a3   Thumb Code     0  startup_stm32h750xx.o(.text)
    PVD_AVD_IRQHandler                       0x900004a3   Thumb Code     0  startup_stm32h750xx.o(.text)
    QUADSPI_IRQHandler                       0x900004a3   Thumb Code     0  startup_stm32h750xx.o(.text)
    RCC_IRQHandler                           0x900004a3   Thumb Code     0  startup_stm32h750xx.o(.text)
    SAI1_IRQHandler                          0x900004a3   Thumb Code     0  startup_stm32h750xx.o(.text)
    SAI2_IRQHandler                          0x900004a3   Thumb Code     0  startup_stm32h750xx.o(.text)
    SAI3_IRQHandler                          0x900004a3   Thumb Code     0  startup_stm32h750xx.o(.text)
    SAI4_IRQHandler                          0x900004a3   Thumb Code     0  startup_stm32h750xx.o(.text)
    SDMMC1_IRQHandler                        0x900004a3   Thumb Code     0  startup_stm32h750xx.o(.text)
    SDMMC2_IRQHandler                        0x900004a3   Thumb Code     0  startup_stm32h750xx.o(.text)
    SPDIF_RX_IRQHandler                      0x900004a3   Thumb Code     0  startup_stm32h750xx.o(.text)
    SPI1_IRQHandler                          0x900004a3   Thumb Code     0  startup_stm32h750xx.o(.text)
    SPI2_IRQHandler                          0x900004a3   Thumb Code     0  startup_stm32h750xx.o(.text)
    SPI3_IRQHandler                          0x900004a3   Thumb Code     0  startup_stm32h750xx.o(.text)
    SPI4_IRQHandler                          0x900004a3   Thumb Code     0  startup_stm32h750xx.o(.text)
    SPI5_IRQHandler                          0x900004a3   Thumb Code     0  startup_stm32h750xx.o(.text)
    SPI6_IRQHandler                          0x900004a3   Thumb Code     0  startup_stm32h750xx.o(.text)
    SWPMI1_IRQHandler                        0x900004a3   Thumb Code     0  startup_stm32h750xx.o(.text)
    TAMP_STAMP_IRQHandler                    0x900004a3   Thumb Code     0  startup_stm32h750xx.o(.text)
    TIM15_IRQHandler                         0x900004a3   Thumb Code     0  startup_stm32h750xx.o(.text)
    TIM16_IRQHandler                         0x900004a3   Thumb Code     0  startup_stm32h750xx.o(.text)
    TIM17_IRQHandler                         0x900004a3   Thumb Code     0  startup_stm32h750xx.o(.text)
    TIM1_BRK_IRQHandler                      0x900004a3   Thumb Code     0  startup_stm32h750xx.o(.text)
    TIM1_CC_IRQHandler                       0x900004a3   Thumb Code     0  startup_stm32h750xx.o(.text)
    TIM1_TRG_COM_IRQHandler                  0x900004a3   Thumb Code     0  startup_stm32h750xx.o(.text)
    TIM1_UP_IRQHandler                       0x900004a3   Thumb Code     0  startup_stm32h750xx.o(.text)
    TIM6_DAC_IRQHandler                      0x900004a3   Thumb Code     0  startup_stm32h750xx.o(.text)
    TIM7_IRQHandler                          0x900004a3   Thumb Code     0  startup_stm32h750xx.o(.text)
    TIM8_BRK_TIM12_IRQHandler                0x900004a3   Thumb Code     0  startup_stm32h750xx.o(.text)
    TIM8_CC_IRQHandler                       0x900004a3   Thumb Code     0  startup_stm32h750xx.o(.text)
    TIM8_TRG_COM_TIM14_IRQHandler            0x900004a3   Thumb Code     0  startup_stm32h750xx.o(.text)
    TIM8_UP_TIM13_IRQHandler                 0x900004a3   Thumb Code     0  startup_stm32h750xx.o(.text)
    UART4_IRQHandler                         0x900004a3   Thumb Code     0  startup_stm32h750xx.o(.text)
    UART5_IRQHandler                         0x900004a3   Thumb Code     0  startup_stm32h750xx.o(.text)
    UART7_IRQHandler                         0x900004a3   Thumb Code     0  startup_stm32h750xx.o(.text)
    UART8_IRQHandler                         0x900004a3   Thumb Code     0  startup_stm32h750xx.o(.text)
    USART2_IRQHandler                        0x900004a3   Thumb Code     0  startup_stm32h750xx.o(.text)
    USART3_IRQHandler                        0x900004a3   Thumb Code     0  startup_stm32h750xx.o(.text)
    USART6_IRQHandler                        0x900004a3   Thumb Code     0  startup_stm32h750xx.o(.text)
    WAKEUP_PIN_IRQHandler                    0x900004a3   Thumb Code     0  startup_stm32h750xx.o(.text)
    WWDG_IRQHandler                          0x900004a3   Thumb Code     0  startup_stm32h750xx.o(.text)
    __user_initial_stackheap                 0x900004a5   Thumb Code     0  startup_stm32h750xx.o(.text)
    __use_no_semihosting                     0x900004cd   Thumb Code     2  use_no_semi_2.o(.text)
    __2printf                                0x900004d1   Thumb Code    20  noretval__2printf.o(.text)
    __2sprintf                               0x900004e9   Thumb Code    34  noretval__2sprintf.o(.text)
    _printf_pre_padding                      0x90000511   Thumb Code    44  _printf_pad.o(.text)
    _printf_post_padding                     0x9000053d   Thumb Code    34  _printf_pad.o(.text)
    _printf_str                              0x9000055f   Thumb Code    82  _printf_str.o(.text)
    _printf_int_dec                          0x900005b1   Thumb Code   104  _printf_dec.o(.text)
    _printf_int_hex                          0x90000629   Thumb Code    84  _printf_hex_int.o(.text)
    _printf_longlong_hex                     0x90000629   Thumb Code     0  _printf_hex_int.o(.text)
    __printf                                 0x90000681   Thumb Code   388  __printf_flags_ss_wp.o(.text)
    __aeabi_memcpy                           0x90000809   Thumb Code     0  rt_memcpy_v6.o(.text)
    __rt_memcpy                              0x90000809   Thumb Code   138  rt_memcpy_v6.o(.text)
    _memcpy_lastbytes                        0x9000086f   Thumb Code     0  rt_memcpy_v6.o(.text)
    __aeabi_memcpy4                          0x90000893   Thumb Code     0  rt_memcpy_w.o(.text)
    __aeabi_memcpy8                          0x90000893   Thumb Code     0  rt_memcpy_w.o(.text)
    __rt_memcpy_w                            0x90000893   Thumb Code   100  rt_memcpy_w.o(.text)
    _memcpy_lastbytes_aligned                0x900008db   Thumb Code     0  rt_memcpy_w.o(.text)
    __aeabi_memset                           0x900008f7   Thumb Code    16  aeabi_memset.o(.text)
    strcmp                                   0x90000909   Thumb Code   104  strcmpv7m_pel.o(.text)
    __use_two_region_memory                  0x90000971   Thumb Code     2  heapauxi.o(.text)
    __rt_heap_escrow$2region                 0x90000973   Thumb Code     2  heapauxi.o(.text)
    __rt_heap_expand$2region                 0x90000975   Thumb Code     2  heapauxi.o(.text)
    __I$use$semihosting                      0x90000977   Thumb Code     0  use_no_semi.o(.text)
    __use_no_semihosting_swi                 0x90000977   Thumb Code     2  use_no_semi.o(.text)
    _printf_int_common                       0x90000979   Thumb Code   178  _printf_intcommon.o(.text)
    __lib_sel_fp_printf                      0x90000a2b   Thumb Code     2  _printf_fp_dec.o(.text)
    _printf_fp_dec_real                      0x90000bd9   Thumb Code   620  _printf_fp_dec.o(.text)
    _printf_char_common                      0x90000e4f   Thumb Code    32  _printf_char_common.o(.text)
    _sputc                                   0x90000e75   Thumb Code    10  _sputc.o(.text)
    _printf_cs_common                        0x90000e7f   Thumb Code    20  _printf_char.o(.text)
    _printf_char                             0x90000e93   Thumb Code    16  _printf_char.o(.text)
    _printf_string                           0x90000ea3   Thumb Code     8  _printf_char.o(.text)
    _printf_char_file                        0x90000ead   Thumb Code    32  _printf_char_file.o(.text)
    __aeabi_memclr                           0x90000ed1   Thumb Code     0  rt_memclr.o(.text)
    __rt_memclr                              0x90000ed1   Thumb Code    68  rt_memclr.o(.text)
    _memset                                  0x90000ed5   Thumb Code     0  rt_memclr.o(.text)
    __rt_locale                              0x90000f15   Thumb Code     8  rt_locale_intlibspace.o(.text)
    _ll_udiv10                               0x90000f1d   Thumb Code   138  lludiv10.o(.text)
    _printf_fp_infnan                        0x90000fa9   Thumb Code   112  _printf_fp_infnan.o(.text)
    _btod_etento                             0x90001029   Thumb Code   216  bigflt0.o(.text)
    ferror                                   0x90001105   Thumb Code     8  ferror.o(.text)
    __aeabi_memclr4                          0x9000110d   Thumb Code     0  rt_memclr_w.o(.text)
    __aeabi_memclr8                          0x9000110d   Thumb Code     0  rt_memclr_w.o(.text)
    __rt_memclr_w                            0x9000110d   Thumb Code    78  rt_memclr_w.o(.text)
    _memset_w                                0x90001111   Thumb Code     0  rt_memclr_w.o(.text)
    __user_libspace                          0x9000115d   Thumb Code     8  libspace.o(.text)
    __user_perproc_libspace                  0x9000115d   Thumb Code     0  libspace.o(.text)
    __user_perthread_libspace                0x9000115d   Thumb Code     0  libspace.o(.text)
    __user_setup_stackheap                   0x90001165   Thumb Code    74  sys_stackheap_outer.o(.text)
    exit                                     0x900011af   Thumb Code    18  exit.o(.text)
    _btod_d2e                                0x900011c1   Thumb Code    62  btod.o(CL$$btod_d2e)
    _d2e_denorm_low                          0x900011ff   Thumb Code    70  btod.o(CL$$btod_d2e_denorm_low)
    _d2e_norm_op1                            0x90001245   Thumb Code    96  btod.o(CL$$btod_d2e_norm_op1)
    __btod_div_common                        0x900012a5   Thumb Code   696  btod.o(CL$$btod_div_common)
    _e2e                                     0x900015dd   Thumb Code   198  btod.o(CL$$btod_e2e)
    _btod_ediv                               0x900016a3   Thumb Code    40  btod.o(CL$$btod_ediv)
    _btod_emul                               0x900016cb   Thumb Code    40  btod.o(CL$$btod_emul)
    __btod_mult_common                       0x900016f3   Thumb Code   580  btod.o(CL$$btod_mult_common)
    Adc3_Init                                0x90001939   Thumb Code   310  adc.o(i.Adc3_Init)
    BSP_LTDC_Clk_Set                         0x90001a81   Thumb Code   226  ltdc_bsp.o(i.BSP_LTDC_Clk_Set)
    BSP_LTDC_ConfigLayer                     0x90001b69   Thumb Code    62  ltdc_bsp.o(i.BSP_LTDC_ConfigLayer)
    BSP_LTDC_ErrorCallback                   0x90001ba7   Thumb Code     2  ltdc_bsp.o(i.BSP_LTDC_ErrorCallback)
    BSP_LTDC_Init                            0x90001ba9   Thumb Code   256  ltdc_bsp.o(i.BSP_LTDC_Init)
    BSP_LTDC_LineEventCallback               0x90001cad   Thumb Code     2  ltdc_bsp.o(i.BSP_LTDC_LineEventCallback)
    BSP_LTDC_ReloadEventCallback             0x90001caf   Thumb Code     2  ltdc_bsp.o(i.BSP_LTDC_ReloadEventCallback)
    BSP_SPI_CloseTransfer                    0x90001ec1   Thumb Code   102  spi.o(i.BSP_SPI_CloseTransfer)
    BSP_SPI_TransmitReceive                  0x90001f27   Thumb Code   234  spi.o(i.BSP_SPI_TransmitReceive)
    BSP_SPI_WaitOnFlagUntilTimeout           0x90002011   Thumb Code    56  spi.o(i.BSP_SPI_WaitOnFlagUntilTimeout)
    Cache_Enable                             0x90002049   Thumb Code    24  sys.o(i.Cache_Enable)
    EXTI15_10_IRQHandler                     0x90002065   Thumb Code    44  key.o(i.EXTI15_10_IRQHandler)
    Ex_NVIC_Config                           0x90002099   Thumb Code   170  sys.o(i.Ex_NVIC_Config)
    GPIO_AF_Set                              0x90002151   Thumb Code    64  sys.o(i.GPIO_AF_Set)
    GPIO_Pin_Get                             0x90002191   Thumb Code    16  sys.o(i.GPIO_Pin_Get)
    GPIO_Pin_Set                             0x900021a1   Thumb Code    22  sys.o(i.GPIO_Pin_Set)
    GPIO_Set                                 0x900021b7   Thumb Code   222  sys.o(i.GPIO_Set)
    GT9XX_ReadReg                            0x90002295   Thumb Code    96  touch.o(i.GT9XX_ReadReg)
    GT9XX_Reset                              0x900022f9   Thumb Code   110  touch.o(i.GT9XX_Reset)
    GT9XX_WriteData                          0x90002375   Thumb Code    40  touch.o(i.GT9XX_WriteData)
    GT9XX_WriteHandle                        0x9000239d   Thumb Code    48  touch.o(i.GT9XX_WriteHandle)
    HAL_PCDEx_LPM_Callback                   0x900023d1   Thumb Code     2  stm32h7xx_hal_pcd_ex.o(i.HAL_PCDEx_LPM_Callback)
    HAL_PCD_ConnectCallback                  0x900023d5   Thumb Code    20  usbd_conf.o(i.HAL_PCD_ConnectCallback)
    HAL_PCD_DataInStageCallback              0x900023ed   Thumb Code    32  usbd_conf.o(i.HAL_PCD_DataInStageCallback)
    HAL_PCD_DataOutStageCallback             0x9000240d   Thumb Code    32  usbd_conf.o(i.HAL_PCD_DataOutStageCallback)
    HAL_PCD_DisconnectCallback               0x9000242d   Thumb Code    26  usbd_conf.o(i.HAL_PCD_DisconnectCallback)
    HAL_PCD_EP_ClrStall                      0x90002469   Thumb Code   106  stm32h7xx_hal_pcd.o(i.HAL_PCD_EP_ClrStall)
    HAL_PCD_EP_Open                          0x900024d3   Thumb Code   142  stm32h7xx_hal_pcd.o(i.HAL_PCD_EP_Open)
    HAL_PCD_EP_Receive                       0x90002561   Thumb Code    90  stm32h7xx_hal_pcd.o(i.HAL_PCD_EP_Receive)
    HAL_PCD_EP_SetStall                      0x900025bb   Thumb Code   124  stm32h7xx_hal_pcd.o(i.HAL_PCD_EP_SetStall)
    HAL_PCD_EP_Transmit                      0x90002637   Thumb Code    92  stm32h7xx_hal_pcd.o(i.HAL_PCD_EP_Transmit)
    HAL_PCD_IRQHandler                       0x90002695   Thumb Code  1794  stm32h7xx_hal_pcd.o(i.HAL_PCD_IRQHandler)
    HAL_PCD_ISOINIncompleteCallback          0x90002dc5   Thumb Code    18  usbd_conf.o(i.HAL_PCD_ISOINIncompleteCallback)
    HAL_PCD_ISOOUTIncompleteCallback         0x90002dd7   Thumb Code    18  usbd_conf.o(i.HAL_PCD_ISOOUTIncompleteCallback)
    HAL_PCD_ResetCallback                    0x90002de9   Thumb Code    68  usbd_conf.o(i.HAL_PCD_ResetCallback)
    HAL_PCD_ResumeCallback                   0x90002e81   Thumb Code    20  usbd_conf.o(i.HAL_PCD_ResumeCallback)
    HAL_PCD_SOFCallback                      0x90002ea9   Thumb Code    14  usbd_conf.o(i.HAL_PCD_SOFCallback)
    HAL_PCD_SetAddress                       0x90002eb7   Thumb Code    50  stm32h7xx_hal_pcd.o(i.HAL_PCD_SetAddress)
    HAL_PCD_SetupStageCallback               0x90002ee9   Thumb Code    18  usbd_conf.o(i.HAL_PCD_SetupStageCallback)
    HAL_PCD_SuspendCallback                  0x90002efd   Thumb Code    26  usbd_conf.o(i.HAL_PCD_SuspendCallback)
    KEY_IRQInit                              0x90002f39   Thumb Code    30  key.o(i.KEY_IRQInit)
    KEY_Init                                 0x90002f59   Thumb Code    80  key.o(i.KEY_Init)
    KEY_Scan                                 0x90002fb1   Thumb Code    94  key.o(i.KEY_Scan)
    LCD_Clear                                0x90003015   Thumb Code    82  ltdc.o(i.LCD_Clear)
    LCD_DisplayChar                          0x90003079   Thumb Code   150  ltdc.o(i.LCD_DisplayChar)
    LCD_DisplayChinese                       0x90003119   Thumb Code   226  ltdc.o(i.LCD_DisplayChinese)
    LCD_DisplayDirection                     0x90003205   Thumb Code     6  ltdc.o(i.LCD_DisplayDirection)
    LCD_DisplayText                          0x90003211   Thumb Code    70  ltdc.o(i.LCD_DisplayText)
    LCD_DrawPoint                            0x90003261   Thumb Code   238  ltdc.o(i.LCD_DrawPoint)
    LCD_SetBackColor                         0x90003355   Thumb Code   146  ltdc.o(i.LCD_SetBackColor)
    LCD_SetColor                             0x900033ed   Thumb Code   146  ltdc.o(i.LCD_SetColor)
    LCD_SetFont                              0x90003485   Thumb Code     6  ltdc.o(i.LCD_SetFont)
    LCD_SetLayer                             0x90003491   Thumb Code    20  ltdc.o(i.LCD_SetLayer)
    LCD_SetTextFont                          0x900034a9   Thumb Code    78  ltdc.o(i.LCD_SetTextFont)
    LED_Init                                 0x90003515   Thumb Code    84  led.o(i.LED_Init)
    LED_TOGGLE                               0x90003571   Thumb Code    56  led.o(i.LED_TOGGLE)
    LTDC_IRQHandler                          0x900035ad   Thumb Code   204  ltdc_bsp.o(i.LTDC_IRQHandler)
    LTDC_Init                                0x90003679   Thumb Code   660  ltdc.o(i.LTDC_Init)
    MY_NVIC_Init                             0x90003939   Thumb Code   116  sys.o(i.MY_NVIC_Init)
    MY_NVIC_PriorityGroupConfig              0x900039b1   Thumb Code    32  sys.o(i.MY_NVIC_PriorityGroupConfig)
    MY_NVIC_SetVectorTable                   0x900039d9   Thumb Code    12  sys.o(i.MY_NVIC_SetVectorTable)
    MemManage_Handler                        0x900039e9   Thumb Code    36  mpu.o(i.MemManage_Handler)
    OTG_FS_IRQHandler                        0x90003a39   Thumb Code    10  usbd_conf.o(i.OTG_FS_IRQHandler)
    RTC_Alarm_IRQHandler                     0x90003afd   Thumb Code    48  rtc.o(i.RTC_Alarm_IRQHandler)
    RTC_BCD2DEC                              0x90003b41   Thumb Code    22  rtc.o(i.RTC_BCD2DEC)
    RTC_DEC2BCD                              0x90003b57   Thumb Code    28  rtc.o(i.RTC_DEC2BCD)
    RTC_Get_Date                             0x90003b75   Thumb Code    64  rtc.o(i.RTC_Get_Date)
    RTC_Get_Time                             0x90003bb9   Thumb Code    64  rtc.o(i.RTC_Get_Time)
    RTC_Init                                 0x90003bfd   Thumb Code   368  rtc.o(i.RTC_Init)
    RTC_Init_Mode                            0x90003d79   Thumb Code    56  rtc.o(i.RTC_Init_Mode)
    RTC_Read_BKR                             0x90003db9   Thumb Code    14  rtc.o(i.RTC_Read_BKR)
    RTC_Set_Date                             0x90003dcd   Thumb Code    88  rtc.o(i.RTC_Set_Date)
    RTC_Set_Time                             0x90003e29   Thumb Code    88  rtc.o(i.RTC_Set_Time)
    RTC_WKUP_IRQHandler                      0x90003e85   Thumb Code    48  rtc.o(i.RTC_WKUP_IRQHandler)
    RTC_Wait_Synchro                         0x90003ebd   Thumb Code    56  rtc.o(i.RTC_Wait_Synchro)
    RTC_Write_BKR                            0x90003efd   Thumb Code    12  rtc.o(i.RTC_Write_BKR)
    SPIX_HARD_Init                           0x90004025   Thumb Code   202  spi.o(i.SPIX_HARD_Init)
    SPI_W25Qxx_ReadID                        0x90004101   Thumb Code    56  w25q64.o(i.SPI_W25Qxx_ReadID)
    Stm32_Clock_Init                         0x9000413d   Thumb Code    92  sys.o(i.Stm32_Clock_Init)
    SysTick_Handler                          0x900041a1   Thumb Code    46  delay.o(i.SysTick_Handler)
    Sys_Clock_Set                            0x900041d5   Thumb Code   558  sys.o(i.Sys_Clock_Set)
    Sys_Soft_Reset                           0x90004415   Thumb Code     8  sys.o(i.Sys_Soft_Reset)
    TIM2_IRQHandler                          0x90004425   Thumb Code    24  tim.o(i.TIM2_IRQHandler)
    TIM3_IRQHandler                          0x9000443d   Thumb Code    32  tim.o(i.TIM3_IRQHandler)
    TIM4_IRQHandler                          0x90004461   Thumb Code    50  usmart.o(i.TIM4_IRQHandler)
    TIM5_IRQHandler                          0x9000449d   Thumb Code    58  tim.o(i.TIM5_IRQHandler)
    Tick_Times                               0x900044e1   Thumb Code     6  delay.o(i.Tick_Times)
    Timer4_Init                              0x900044ed   Thumb Code    72  usmart.o(i.Timer4_Init)
    Touch_IIC_ACK                            0x9000453d   Thumb Code    78  touch.o(i.Touch_IIC_ACK)
    Touch_IIC_Delay                          0x90004591   Thumb Code    38  touch.o(i.Touch_IIC_Delay)
    Touch_IIC_GPIO_Config                    0x900045b9   Thumb Code   162  touch.o(i.Touch_IIC_GPIO_Config)
    Touch_IIC_NoACK                          0x90004665   Thumb Code    68  touch.o(i.Touch_IIC_NoACK)
    Touch_IIC_ReadByte                       0x900046ad   Thumb Code    88  touch.o(i.Touch_IIC_ReadByte)
    Touch_IIC_Start                          0x90004709   Thumb Code    62  touch.o(i.Touch_IIC_Start)
    Touch_IIC_Stop                           0x9000474d   Thumb Code    68  touch.o(i.Touch_IIC_Stop)
    Touch_IIC_WaitACK                        0x90004795   Thumb Code    84  touch.o(i.Touch_IIC_WaitACK)
    Touch_IIC_WriteByte                      0x900047ed   Thumb Code   100  touch.o(i.Touch_IIC_WriteByte)
    Touch_Init                               0x90004855   Thumb Code   230  touch.o(i.Touch_Init)
    Touch_Scan                               0x900049b5   Thumb Code   144  touch.o(i.Touch_Scan)
    USART1_IRQHandler                        0x90004a49   Thumb Code   128  usart.o(i.USART1_IRQHandler)
    USBD_ClrClassConfig                      0x90004ad5   Thumb Code    22  usbd_core.o(i.USBD_ClrClassConfig)
    USBD_CtlContinueRx                       0x90004b2f   Thumb Code    24  usbd_ioreq.o(i.USBD_CtlContinueRx)
    USBD_CtlContinueSendData                 0x90004b47   Thumb Code    24  usbd_ioreq.o(i.USBD_CtlContinueSendData)
    USBD_CtlError                            0x90004b5f   Thumb Code    24  usbd_ctlreq.o(i.USBD_CtlError)
    USBD_CtlReceiveStatus                    0x90004b77   Thumb Code    26  usbd_ioreq.o(i.USBD_CtlReceiveStatus)
    USBD_CtlSendData                         0x90004b91   Thumb Code    34  usbd_ioreq.o(i.USBD_CtlSendData)
    USBD_CtlSendStatus                       0x90004bb3   Thumb Code    26  usbd_ioreq.o(i.USBD_CtlSendStatus)
    USBD_LL_ClearStallEP                     0x90004da9   Thumb Code    20  usbd_conf.o(i.USBD_LL_ClearStallEP)
    USBD_LL_DataInStage                      0x90004dbd   Thumb Code   218  usbd_core.o(i.USBD_LL_DataInStage)
    USBD_LL_DataOutStage                     0x90004e97   Thumb Code   134  usbd_core.o(i.USBD_LL_DataOutStage)
    USBD_LL_DevConnected                     0x90004f1d   Thumb Code     6  usbd_core.o(i.USBD_LL_DevConnected)
    USBD_LL_DevDisconnected                  0x90004f23   Thumb Code    26  usbd_core.o(i.USBD_LL_DevDisconnected)
    USBD_LL_IsStallEP                        0x90004f3d   Thumb Code    56  usbd_conf.o(i.USBD_LL_IsStallEP)
    USBD_LL_IsoINIncomplete                  0x90004f75   Thumb Code     6  usbd_core.o(i.USBD_LL_IsoINIncomplete)
    USBD_LL_IsoOUTIncomplete                 0x90004f7b   Thumb Code     6  usbd_core.o(i.USBD_LL_IsoOUTIncomplete)
    USBD_LL_OpenEP                           0x90004f81   Thumb Code    32  usbd_conf.o(i.USBD_LL_OpenEP)
    USBD_LL_PrepareReceive                   0x90004fa1   Thumb Code    32  usbd_conf.o(i.USBD_LL_PrepareReceive)
    USBD_LL_Reset                            0x90004fc1   Thumb Code    68  usbd_core.o(i.USBD_LL_Reset)
    USBD_LL_Resume                           0x90005005   Thumb Code    14  usbd_core.o(i.USBD_LL_Resume)
    USBD_LL_SOF                              0x90005013   Thumb Code    34  usbd_core.o(i.USBD_LL_SOF)
    USBD_LL_SetSpeed                         0x90005035   Thumb Code     8  usbd_core.o(i.USBD_LL_SetSpeed)
    USBD_LL_SetUSBAddress                    0x9000503d   Thumb Code    26  usbd_conf.o(i.USBD_LL_SetUSBAddress)
    USBD_LL_SetupStage                       0x9000505d   Thumb Code   110  usbd_core.o(i.USBD_LL_SetupStage)
    USBD_LL_StallEP                          0x900050cb   Thumb Code    20  usbd_conf.o(i.USBD_LL_StallEP)
    USBD_LL_Suspend                          0x900050df   Thumb Code    20  usbd_core.o(i.USBD_LL_Suspend)
    USBD_LL_Transmit                         0x900050f3   Thumb Code    32  usbd_conf.o(i.USBD_LL_Transmit)
    USBD_ParseSetupRequest                   0x90005113   Thumb Code    40  usbd_ctlreq.o(i.USBD_ParseSetupRequest)
    USBD_RunTestMode                         0x9000513b   Thumb Code     6  usbd_core.o(i.USBD_RunTestMode)
    USBD_SetClassConfig                      0x90005195   Thumb Code    34  usbd_core.o(i.USBD_SetClassConfig)
    USBD_StdDevReq                           0x900052bd   Thumb Code   114  usbd_ctlreq.o(i.USBD_StdDevReq)
    USBD_StdEPReq                            0x9000532f   Thumb Code   342  usbd_ctlreq.o(i.USBD_StdEPReq)
    USBD_StdItfReq                           0x90005485   Thumb Code    74  usbd_ctlreq.o(i.USBD_StdItfReq)
    USB_ActivateEndpoint                     0x900054d1   Thumb Code   192  stm32h7xx_ll_usb.o(i.USB_ActivateEndpoint)
    USB_ActivateSetup                        0x90005595   Thumb Code    68  stm32h7xx_ll_usb.o(i.USB_ActivateSetup)
    USB_EP0StartXfer                         0x900055d9   Thumb Code   426  stm32h7xx_ll_usb.o(i.USB_EP0StartXfer)
    USB_EP0_OutStart                         0x90005789   Thumb Code    68  stm32h7xx_ll_usb.o(i.USB_EP0_OutStart)
    USB_EPClearStall                         0x900057cd   Thumb Code   136  stm32h7xx_ll_usb.o(i.USB_EPClearStall)
    USB_EPSetStall                           0x90005855   Thumb Code   140  stm32h7xx_ll_usb.o(i.USB_EPSetStall)
    USB_EPStartXfer                          0x900058e1   Thumb Code   714  stm32h7xx_ll_usb.o(i.USB_EPStartXfer)
    USB_FlushTxFifo                          0x90005bb1   Thumb Code    44  stm32h7xx_ll_usb.o(i.USB_FlushTxFifo)
    USB_GetDevSpeed                          0x90005be1   Thumb Code    68  stm32h7xx_ll_usb.o(i.USB_GetDevSpeed)
    USB_GetMode                              0x90005c25   Thumb Code    10  stm32h7xx_ll_usb.o(i.USB_GetMode)
    USB_ReadDevAllInEpInterrupt              0x90005c2f   Thumb Code    18  stm32h7xx_ll_usb.o(i.USB_ReadDevAllInEpInterrupt)
    USB_ReadDevAllOutEpInterrupt             0x90005c41   Thumb Code    18  stm32h7xx_ll_usb.o(i.USB_ReadDevAllOutEpInterrupt)
    USB_ReadDevInEPInterrupt                 0x90005c53   Thumb Code    44  stm32h7xx_ll_usb.o(i.USB_ReadDevInEPInterrupt)
    USB_ReadDevOutEPInterrupt                0x90005c7f   Thumb Code    22  stm32h7xx_ll_usb.o(i.USB_ReadDevOutEPInterrupt)
    USB_ReadInterrupts                       0x90005c95   Thumb Code    12  stm32h7xx_ll_usb.o(i.USB_ReadInterrupts)
    USB_ReadPacket                           0x90005ca1   Thumb Code    40  stm32h7xx_ll_usb.o(i.USB_ReadPacket)
    USB_SetDevAddress                        0x90005cc9   Thumb Code    36  stm32h7xx_ll_usb.o(i.USB_SetDevAddress)
    USB_WritePacket                          0x90005ced   Thumb Code    58  stm32h7xx_ll_usb.o(i.USB_WritePacket)
    W25Q64_Init                              0x90005d29   Thumb Code    40  w25q64.o(i.W25Q64_Init)
    __ARM_fpclassify                         0x90005d8d   Thumb Code    48  fpclassify.o(i.__ARM_fpclassify)
    _is_digit                                0x90005dbd   Thumb Code    14  __printf_wp.o(i._is_digit)
    _sys_exit                                0x90005dcb   Thumb Code     4  usart.o(i._sys_exit)
    delay_init                               0x90005dd1   Thumb Code    46  delay.o(i.delay_init)
    delay_ms                                 0x90005e05   Thumb Code    26  delay.o(i.delay_ms)
    float_task                               0x90005e21   Thumb Code    44  main.o(i.float_task)
    fputc                                    0x90005e71   Thumb Code    22  usart.o(i.fputc)
    led0_task                                0x90005e8d   Thumb Code    18  main.o(i.led0_task)
    main                                     0x90005ea1   Thumb Code   100  main.o(i.main)
    pvPortMalloc                             0x90006a1d   Thumb Code   262  heap_4.o(i.pvPortMalloc)
    pvTaskIncrementMutexHeldCount            0x90006b71   Thumb Code    26  tasks.o(i.pvTaskIncrementMutexHeldCount)
    pxPortInitialiseStack                    0x90006b91   Thumb Code    38  port.o(i.pxPortInitialiseStack)
    read_addr                                0x90006bbd   Thumb Code     6  usmart.o(i.read_addr)
    rtc_task                                 0x90006bc5   Thumb Code   124  main.o(i.rtc_task)
    start_task                               0x90006c75   Thumb Code    82  main.o(i.start_task)
    uart1_init                               0x90006d09   Thumb Code   170  usart.o(i.uart1_init)
    usmart_cmd_rec                           0x90006dc5   Thumb Code   170  usmart.o(i.usmart_cmd_rec)
    usmart_exe                               0x90006e75   Thumb Code   632  usmart.o(i.usmart_exe)
    usmart_get_aparm                         0x90007149   Thumb Code   212  usmart_str.o(i.usmart_get_aparm)
    usmart_get_cmdname                       0x9000721d   Thumb Code    54  usmart_str.o(i.usmart_get_cmdname)
    usmart_get_fname                         0x90007255   Thumb Code   440  usmart_str.o(i.usmart_get_fname)
    usmart_get_fparam                        0x90007415   Thumb Code   262  usmart_str.o(i.usmart_get_fparam)
    usmart_get_parmpos                       0x90007521   Thumb Code    26  usmart_str.o(i.usmart_get_parmpos)
    usmart_get_runtime                       0x90007541   Thumb Code    56  usmart.o(i.usmart_get_runtime)
    usmart_init                              0x90007581   Thumb Code    36  usmart.o(i.usmart_init)
    usmart_pow                               0x900075a9   Thumb Code    22  usmart_str.o(i.usmart_pow)
    usmart_reset_runtime                     0x900075c1   Thumb Code    38  usmart.o(i.usmart_reset_runtime)
    usmart_scan                              0x900075f1   Thumb Code   120  usmart.o(i.usmart_scan)
    usmart_search_nextc                      0x900076ad   Thumb Code    22  usmart_str.o(i.usmart_search_nextc)
    usmart_str2num                           0x900076c3   Thumb Code   262  usmart_str.o(i.usmart_str2num)
    usmart_strcmp                            0x900077c9   Thumb Code    34  usmart_str.o(i.usmart_strcmp)
    usmart_strcopy                           0x900077eb   Thumb Code    22  usmart_str.o(i.usmart_strcopy)
    usmart_strlen                            0x90007801   Thumb Code    24  usmart_str.o(i.usmart_strlen)
    usmart_sys_cmd_exe                       0x90007819   Thumb Code  1570  usmart.o(i.usmart_sys_cmd_exe)
    uxListRemove                             0x90007f0d   Thumb Code    40  list.o(i.uxListRemove)
    vListInitialise                          0x90007f35   Thumb Code    26  list.o(i.vListInitialise)
    vListInitialiseItem                      0x90007f4f   Thumb Code     6  list.o(i.vListInitialiseItem)
    vListInsert                              0x90007f55   Thumb Code    52  list.o(i.vListInsert)
    vListInsertEnd                           0x90007f89   Thumb Code    24  list.o(i.vListInsertEnd)
    vPortEnterCritical                       0x90007fa1   Thumb Code    72  port.o(i.vPortEnterCritical)
    vPortExitCritical                        0x90008031   Thumb Code    48  port.o(i.vPortExitCritical)
    vPortFree                                0x900080a5   Thumb Code   120  heap_4.o(i.vPortFree)
    vPortSetupTimerInterrupt                 0x9000815d   Thumb Code    26  port.o(i.vPortSetupTimerInterrupt)
    vPortValidateInterruptPriority           0x9000817d   Thumb Code    86  port.o(i.vPortValidateInterruptPriority)
    vQueueAddToRegistry                      0x90008221   Thumb Code    38  queue.o(i.vQueueAddToRegistry)
    vQueueWaitForMessageRestricted           0x9000824d   Thumb Code    74  queue.o(i.vQueueWaitForMessageRestricted)
    vTaskDelay                               0x90008299   Thumb Code    72  tasks.o(i.vTaskDelay)
    vTaskDelete                              0x9000830d   Thumb Code   192  tasks.o(i.vTaskDelete)
    vTaskMissedYield                         0x90008419   Thumb Code     8  tasks.o(i.vTaskMissedYield)
    vTaskPlaceOnEventList                    0x90008425   Thumb Code    42  tasks.o(i.vTaskPlaceOnEventList)
    vTaskPlaceOnEventListRestricted          0x90008479   Thumb Code    50  tasks.o(i.vTaskPlaceOnEventListRestricted)
    vTaskPriorityInherit                     0x900084d5   Thumb Code   164  tasks.o(i.vTaskPriorityInherit)
    vTaskSetTimeOutState                     0x90008585   Thumb Code    32  tasks.o(i.vTaskSetTimeOutState)
    vTaskStartScheduler                      0x900085d1   Thumb Code   112  tasks.o(i.vTaskStartScheduler)
    vTaskSuspendAll                          0x90008681   Thumb Code    12  tasks.o(i.vTaskSuspendAll)
    vTaskSwitchContext                       0x90008691   Thumb Code   110  tasks.o(i.vTaskSwitchContext)
    write_addr                               0x90008739   Thumb Code     4  usmart.o(i.write_addr)
    xPortStartScheduler                      0x9000873d   Thumb Code   192  port.o(i.xPortStartScheduler)
    xPortSysTickHandler                      0x90008855   Thumb Code    50  port.o(i.xPortSysTickHandler)
    xQueueGenericCreate                      0x9000888d   Thumb Code    78  queue.o(i.xQueueGenericCreate)
    xQueueGenericReceive                     0x90008901   Thumb Code   416  queue.o(i.xQueueGenericReceive)
    xQueueGenericReset                       0x90008ac9   Thumb Code   136  queue.o(i.xQueueGenericReset)
    xQueueGenericSend                        0x90008b79   Thumb Code   412  queue.o(i.xQueueGenericSend)
    xQueueGenericSendFromISR                 0x90008d3d   Thumb Code   238  queue.o(i.xQueueGenericSendFromISR)
    xTaskCheckForTimeOut                     0x90008e51   Thumb Code   116  tasks.o(i.xTaskCheckForTimeOut)
    xTaskCreate                              0x90008ef1   Thumb Code    96  tasks.o(i.xTaskCreate)
    xTaskGetSchedulerState                   0x90008f51   Thumb Code    24  tasks.o(i.xTaskGetSchedulerState)
    xTaskGetTickCount                        0x90008f71   Thumb Code     6  tasks.o(i.xTaskGetTickCount)
    xTaskIncrementTick                       0x90008f7d   Thumb Code   272  tasks.o(i.xTaskIncrementTick)
    xTaskPriorityDisinherit                  0x900090dd   Thumb Code   168  tasks.o(i.xTaskPriorityDisinherit)
    xTaskRemoveFromEventList                 0x900091b5   Thumb Code   118  tasks.o(i.xTaskRemoveFromEventList)
    xTaskResumeAll                           0x90009269   Thumb Code   214  tasks.o(i.xTaskResumeAll)
    xTimerCreateTimerTask                    0x90009389   Thumb Code    56  timers.o(i.xTimerCreateTimerTask)
    xTimerGenericCommand                     0x900093fd   Thumb Code   118  timers.o(i.xTimerGenericCommand)
    _get_lc_numeric                          0x900094a1   Thumb Code    44  lc_numeric_c.o(locale$$code)
    _fp_init                                 0x900094cd   Thumb Code    10  fpinit.o(x$fpl$fpinit)
    __fplib_config_fpu_vfp                   0x900094d5   Thumb Code     0  fpinit.o(x$fpl$fpinit)
    __fplib_config_pureend_doubles           0x900094d5   Thumb Code     0  fpinit.o(x$fpl$fpinit)
    _printf_fp_dec                           0x900094d7   Thumb Code     4  printf1.o(x$fpl$printf1)
    Chinese_1212                             0x900094da   Data        1200  ltdc.o(.constdata)
    __I$use$fp                               0x900094da   Number         0  usenofp.o(x$fpl$usenofp)
    Chinese_1616                             0x9000998a   Data        1600  ltdc.o(.constdata)
    Chinese_2020                             0x90009fca   Data        1200  ltdc.o(.constdata)
    Chinese_2424                             0x9000a47a   Data       14400  ltdc.o(.constdata)
    Chinese_3232                             0x9000dcba   Data       12800  ltdc.o(.constdata)
    ASCII_3216_Table                         0x90010eba   Data        6080  ltdc.o(.constdata)
    ASCII_2412_Table                         0x9001267a   Data        4560  ltdc.o(.constdata)
    ASCII_2010_Table                         0x9001384a   Data        3800  ltdc.o(.constdata)
    ASCII_1608_Table                         0x90014722   Data        1520  ltdc.o(.constdata)
    ASCII_1206_Table                         0x90014d12   Data        1140  ltdc.o(.constdata)
    Region$$Table$$Base                      0x900152b8   Number         0  anon$$obj.o(Region$$Table)
    Region$$Table$$Limit                     0x900152d8   Number         0  anon$$obj.o(Region$$Table)



==============================================================================

Memory Map of the image

  Image Entry point : 0x90000299

  Load Region LR_ROM1 (Base: 0x90000000, Size: 0x00015554, Max: 0x00800000, ABSOLUTE, COMPRESSED[0x000153b4])

    Execution Region RW_IRAM1 (Base: 0x20000000, Size: 0x0000c900, Max: 0x00020000, ABSOLUTE, COMPRESSED[0x000000c0])

    Base Addr    Size         Type   Attr      Idx    E Section Name        Object

    0x20000000   0x00000008   Data   RW            8    .data               led.o
    0x20000008   0x0000000c   Data   RW           94    .data               key.o
    0x20000014   0x00000001   Data   RW          151    .data               tim.o
    0x20000015   0x00000003   PAD
    0x20000018   0x00000080   Data   RW          282    .data               ltdc.o
    0x20000098   0x00000002   Data   RW          892    .data               touch.o
    0x2000009a   0x00000002   PAD
    0x2000009c   0x00000004   Data   RW         1386    .data               sys.o
    0x200000a0   0x00000008   Data   RW         1512    .data               delay.o
    0x200000a8   0x00000006   Data   RW         1603    .data               usart.o
    0x200000ae   0x00000002   PAD
    0x200000b0   0x00000018   Data   RW         1666    .data               main.o
    0x200000c8   0x0000001c   Data   RW         1824    .data               usmart.o
    0x200000e4   0x00000104   Data   RW         1901    .data               usmart_config.o
    0x200001e8   0x00000001   Data   RW         3241    .data               usbd_conf.o
    0x200001e9   0x00000001   Data   RW         3990    .data               usbd_ctlreq.o
    0x200001ea   0x00000002   PAD
    0x200001ec   0x0000003c   Data   RW         4628    .data               tasks.o
    0x20000228   0x00000014   Data   RW         4969    .data               timers.o
    0x2000023c   0x00000018   Data   RW         5097    .data               heap_4.o
    0x20000254   0x0000000c   Data   RW         5160    .data               port.o
    0x20000260   0x00000014   Zero   RW          280    .bss                ltdc.o
    0x20000274   0x00000016   Zero   RW          891    .bss                touch.o
    0x2000028a   0x000000c8   Zero   RW         1602    .bss                usart.o
    0x20000352   0x00000002   PAD
    0x20000354   0x00000400   Zero   RW         3240    .bss                usbd_conf.o
    0x20000754   0x00000040   Zero   RW         4360    .bss                queue.o
    0x20000794   0x000002e4   Zero   RW         4627    .bss                tasks.o
    0x20000a78   0x00000028   Zero   RW         4968    .bss                timers.o
    0x20000aa0   0x0000b800   Zero   RW         5096    .bss                heap_4.o
    0x2000c2a0   0x00000060   Zero   RW         5418    .bss                c_w.l(libspace.o)
    0x2000c300   0x00000200   Zero   RW         1803    HEAP                startup_stm32h750xx.o
    0x2000c500   0x00000400   Zero   RW         1802    STACK               startup_stm32h750xx.o


    Execution Region ER_ROM1 (Base: 0x90000000, Size: 0x000152f4, Max: 0x00800000, ABSOLUTE)

    Base Addr    Size         Type   Attr      Idx    E Section Name        Object

    0x90000000   0x00000298   Data   RO         1804    RESET               startup_stm32h750xx.o
    0x90000298   0x00000008   Code   RO         5324  * !!!main             c_w.l(__main.o)
    0x900002a0   0x00000034   Code   RO         5556    !!!scatter          c_w.l(__scatter.o)
    0x900002d4   0x0000005a   Code   RO         5554    !!dczerorl2         c_w.l(__dczerorl2.o)
    0x9000032e   0x00000002   PAD
    0x90000330   0x0000001c   Code   RO         5558    !!handler_zi        c_w.l(__scatter_zi.o)
    0x9000034c   0x00000000   Code   RO         5307    .ARM.Collect$$_printf_percent$$00000000  c_w.l(_printf_percent.o)
    0x9000034c   0x00000006   Code   RO         5306    .ARM.Collect$$_printf_percent$$00000003  c_w.l(_printf_f.o)
    0x90000352   0x00000006   Code   RO         5304    .ARM.Collect$$_printf_percent$$00000009  c_w.l(_printf_d.o)
    0x90000358   0x00000006   Code   RO         5305    .ARM.Collect$$_printf_percent$$0000000A  c_w.l(_printf_u.o)
    0x9000035e   0x00000006   Code   RO         5303    .ARM.Collect$$_printf_percent$$0000000C  c_w.l(_printf_x.o)
    0x90000364   0x00000006   Code   RO         5301    .ARM.Collect$$_printf_percent$$00000013  c_w.l(_printf_c.o)
    0x9000036a   0x00000006   Code   RO         5302    .ARM.Collect$$_printf_percent$$00000014  c_w.l(_printf_s.o)
    0x90000370   0x00000004   Code   RO         5347    .ARM.Collect$$_printf_percent$$00000017  c_w.l(_printf_percent_end.o)
    0x90000374   0x00000002   Code   RO         5433    .ARM.Collect$$libinit$$00000000  c_w.l(libinit.o)
    0x90000376   0x00000004   Code   RO         5434    .ARM.Collect$$libinit$$00000001  c_w.l(libinit2.o)
    0x9000037a   0x00000000   Code   RO         5437    .ARM.Collect$$libinit$$00000004  c_w.l(libinit2.o)
    0x9000037a   0x00000000   Code   RO         5440    .ARM.Collect$$libinit$$0000000A  c_w.l(libinit2.o)
    0x9000037a   0x00000000   Code   RO         5442    .ARM.Collect$$libinit$$0000000C  c_w.l(libinit2.o)
    0x9000037a   0x00000000   Code   RO         5444    .ARM.Collect$$libinit$$0000000E  c_w.l(libinit2.o)
    0x9000037a   0x00000006   Code   RO         5445    .ARM.Collect$$libinit$$0000000F  c_w.l(libinit2.o)
    0x90000380   0x00000000   Code   RO         5447    .ARM.Collect$$libinit$$00000011  c_w.l(libinit2.o)
    0x90000380   0x00000000   Code   RO         5449    .ARM.Collect$$libinit$$00000013  c_w.l(libinit2.o)
    0x90000380   0x00000000   Code   RO         5451    .ARM.Collect$$libinit$$00000015  c_w.l(libinit2.o)
    0x90000380   0x0000000a   Code   RO         5452    .ARM.Collect$$libinit$$00000016  c_w.l(libinit2.o)
    0x9000038a   0x00000000   Code   RO         5453    .ARM.Collect$$libinit$$00000017  c_w.l(libinit2.o)
    0x9000038a   0x00000000   Code   RO         5455    .ARM.Collect$$libinit$$00000019  c_w.l(libinit2.o)
    0x9000038a   0x00000000   Code   RO         5457    .ARM.Collect$$libinit$$0000001B  c_w.l(libinit2.o)
    0x9000038a   0x00000000   Code   RO         5459    .ARM.Collect$$libinit$$0000001D  c_w.l(libinit2.o)
    0x9000038a   0x00000000   Code   RO         5461    .ARM.Collect$$libinit$$0000001F  c_w.l(libinit2.o)
    0x9000038a   0x00000000   Code   RO         5463    .ARM.Collect$$libinit$$00000021  c_w.l(libinit2.o)
    0x9000038a   0x00000000   Code   RO         5465    .ARM.Collect$$libinit$$00000023  c_w.l(libinit2.o)
    0x9000038a   0x00000000   Code   RO         5467    .ARM.Collect$$libinit$$00000025  c_w.l(libinit2.o)
    0x9000038a   0x00000000   Code   RO         5471    .ARM.Collect$$libinit$$0000002C  c_w.l(libinit2.o)
    0x9000038a   0x00000000   Code   RO         5473    .ARM.Collect$$libinit$$0000002E  c_w.l(libinit2.o)
    0x9000038a   0x00000000   Code   RO         5475    .ARM.Collect$$libinit$$00000030  c_w.l(libinit2.o)
    0x9000038a   0x00000000   Code   RO         5477    .ARM.Collect$$libinit$$00000032  c_w.l(libinit2.o)
    0x9000038a   0x00000002   Code   RO         5478    .ARM.Collect$$libinit$$00000033  c_w.l(libinit2.o)
    0x9000038c   0x00000002   Code   RO         5518    .ARM.Collect$$libshutdown$$00000000  c_w.l(libshutdown.o)
    0x9000038e   0x00000000   Code   RO         5537    .ARM.Collect$$libshutdown$$00000002  c_w.l(libshutdown2.o)
    0x9000038e   0x00000000   Code   RO         5539    .ARM.Collect$$libshutdown$$00000004  c_w.l(libshutdown2.o)
    0x9000038e   0x00000000   Code   RO         5542    .ARM.Collect$$libshutdown$$00000007  c_w.l(libshutdown2.o)
    0x9000038e   0x00000000   Code   RO         5545    .ARM.Collect$$libshutdown$$0000000A  c_w.l(libshutdown2.o)
    0x9000038e   0x00000000   Code   RO         5547    .ARM.Collect$$libshutdown$$0000000C  c_w.l(libshutdown2.o)
    0x9000038e   0x00000000   Code   RO         5550    .ARM.Collect$$libshutdown$$0000000F  c_w.l(libshutdown2.o)
    0x9000038e   0x00000002   Code   RO         5551    .ARM.Collect$$libshutdown$$00000010  c_w.l(libshutdown2.o)
    0x90000390   0x00000000   Code   RO         5330    .ARM.Collect$$rtentry$$00000000  c_w.l(__rtentry.o)
    0x90000390   0x00000000   Code   RO         5351    .ARM.Collect$$rtentry$$00000002  c_w.l(__rtentry2.o)
    0x90000390   0x00000006   Code   RO         5363    .ARM.Collect$$rtentry$$00000004  c_w.l(__rtentry4.o)
    0x90000396   0x00000000   Code   RO         5353    .ARM.Collect$$rtentry$$00000009  c_w.l(__rtentry2.o)
    0x90000396   0x00000004   Code   RO         5354    .ARM.Collect$$rtentry$$0000000A  c_w.l(__rtentry2.o)
    0x9000039a   0x00000000   Code   RO         5356    .ARM.Collect$$rtentry$$0000000C  c_w.l(__rtentry2.o)
    0x9000039a   0x00000008   Code   RO         5357    .ARM.Collect$$rtentry$$0000000D  c_w.l(__rtentry2.o)
    0x900003a2   0x00000002   Code   RO         5479    .ARM.Collect$$rtexit$$00000000  c_w.l(rtexit.o)
    0x900003a4   0x00000000   Code   RO         5492    .ARM.Collect$$rtexit$$00000002  c_w.l(rtexit2.o)
    0x900003a4   0x00000004   Code   RO         5493    .ARM.Collect$$rtexit$$00000003  c_w.l(rtexit2.o)
    0x900003a8   0x00000006   Code   RO         5494    .ARM.Collect$$rtexit$$00000004  c_w.l(rtexit2.o)
    0x900003ae   0x00000002   PAD
    0x900003b0   0x000000ba   Code   RO         5150    .emb_text           port.o
    0x9000046a   0x00000002   PAD
    0x9000046c   0x00000060   Code   RO         1805    .text               startup_stm32h750xx.o
    0x900004cc   0x00000002   Code   RO         5238    .text               c_w.l(use_no_semi_2.o)
    0x900004ce   0x00000002   PAD
    0x900004d0   0x00000018   Code   RO         5248    .text               c_w.l(noretval__2printf.o)
    0x900004e8   0x00000028   Code   RO         5250    .text               c_w.l(noretval__2sprintf.o)
    0x90000510   0x0000004e   Code   RO         5254    .text               c_w.l(_printf_pad.o)
    0x9000055e   0x00000052   Code   RO         5256    .text               c_w.l(_printf_str.o)
    0x900005b0   0x00000078   Code   RO         5258    .text               c_w.l(_printf_dec.o)
    0x90000628   0x00000058   Code   RO         5263    .text               c_w.l(_printf_hex_int.o)
    0x90000680   0x00000188   Code   RO         5298    .text               c_w.l(__printf_flags_ss_wp.o)
    0x90000808   0x0000008a   Code   RO         5314    .text               c_w.l(rt_memcpy_v6.o)
    0x90000892   0x00000064   Code   RO         5316    .text               c_w.l(rt_memcpy_w.o)
    0x900008f6   0x00000010   Code   RO         5318    .text               c_w.l(aeabi_memset.o)
    0x90000906   0x00000002   PAD
    0x90000908   0x00000068   Code   RO         5320    .text               c_w.l(strcmpv7m_pel.o)
    0x90000970   0x00000006   Code   RO         5322    .text               c_w.l(heapauxi.o)
    0x90000976   0x00000002   Code   RO         5328    .text               c_w.l(use_no_semi.o)
    0x90000978   0x000000b2   Code   RO         5335    .text               c_w.l(_printf_intcommon.o)
    0x90000a2a   0x0000041a   Code   RO         5337    .text               c_w.l(_printf_fp_dec.o)
    0x90000e44   0x00000030   Code   RO         5339    .text               c_w.l(_printf_char_common.o)
    0x90000e74   0x0000000a   Code   RO         5341    .text               c_w.l(_sputc.o)
    0x90000e7e   0x0000002c   Code   RO         5343    .text               c_w.l(_printf_char.o)
    0x90000eaa   0x00000002   PAD
    0x90000eac   0x00000024   Code   RO         5345    .text               c_w.l(_printf_char_file.o)
    0x90000ed0   0x00000044   Code   RO         5348    .text               c_w.l(rt_memclr.o)
    0x90000f14   0x00000008   Code   RO         5370    .text               c_w.l(rt_locale_intlibspace.o)
    0x90000f1c   0x0000008a   Code   RO         5372    .text               c_w.l(lludiv10.o)
    0x90000fa6   0x00000002   PAD
    0x90000fa8   0x00000080   Code   RO         5374    .text               c_w.l(_printf_fp_infnan.o)
    0x90001028   0x000000dc   Code   RO         5378    .text               c_w.l(bigflt0.o)
    0x90001104   0x00000008   Code   RO         5403    .text               c_w.l(ferror.o)
    0x9000110c   0x0000004e   Code   RO         5410    .text               c_w.l(rt_memclr_w.o)
    0x9000115a   0x00000002   PAD
    0x9000115c   0x00000008   Code   RO         5417    .text               c_w.l(libspace.o)
    0x90001164   0x0000004a   Code   RO         5420    .text               c_w.l(sys_stackheap_outer.o)
    0x900011ae   0x00000012   Code   RO         5422    .text               c_w.l(exit.o)
    0x900011c0   0x0000003e   Code   RO         5381    CL$$btod_d2e        c_w.l(btod.o)
    0x900011fe   0x00000046   Code   RO         5383    CL$$btod_d2e_denorm_low  c_w.l(btod.o)
    0x90001244   0x00000060   Code   RO         5382    CL$$btod_d2e_norm_op1  c_w.l(btod.o)
    0x900012a4   0x00000338   Code   RO         5391    CL$$btod_div_common  c_w.l(btod.o)
    0x900015dc   0x000000c6   Code   RO         5388    CL$$btod_e2e        c_w.l(btod.o)
    0x900016a2   0x00000028   Code   RO         5385    CL$$btod_ediv       c_w.l(btod.o)
    0x900016ca   0x00000028   Code   RO         5384    CL$$btod_emul       c_w.l(btod.o)
    0x900016f2   0x00000244   Code   RO         5390    CL$$btod_mult_common  c_w.l(btod.o)
    0x90001936   0x00000002   PAD
    0x90001938   0x00000148   Code   RO          806    i.Adc3_Init         adc.o
    0x90001a80   0x000000e8   Code   RO          434    i.BSP_LTDC_Clk_Set  ltdc_bsp.o
    0x90001b68   0x0000003e   Code   RO          438    i.BSP_LTDC_ConfigLayer  ltdc_bsp.o
    0x90001ba6   0x00000002   Code   RO          451    i.BSP_LTDC_ErrorCallback  ltdc_bsp.o
    0x90001ba8   0x00000104   Code   RO          454    i.BSP_LTDC_Init     ltdc_bsp.o
    0x90001cac   0x00000002   Code   RO          455    i.BSP_LTDC_LineEventCallback  ltdc_bsp.o
    0x90001cae   0x00000002   Code   RO          458    i.BSP_LTDC_ReloadEventCallback  ltdc_bsp.o
    0x90001cb0   0x00000210   Code   RO          463    i.BSP_LTDC_SetConfig  ltdc_bsp.o
    0x90001ec0   0x00000066   Code   RO         1089    i.BSP_SPI_CloseTransfer  spi.o
    0x90001f26   0x000000ea   Code   RO         1090    i.BSP_SPI_TransmitReceive  spi.o
    0x90002010   0x00000038   Code   RO         1092    i.BSP_SPI_WaitOnFlagUntilTimeout  spi.o
    0x90002048   0x0000001c   Code   RO         1368    i.Cache_Enable      sys.o
    0x90002064   0x00000034   Code   RO           89    i.EXTI15_10_IRQHandler  key.o
    0x90002098   0x000000b8   Code   RO         1369    i.Ex_NVIC_Config    sys.o
    0x90002150   0x00000040   Code   RO         1370    i.GPIO_AF_Set       sys.o
    0x90002190   0x00000010   Code   RO         1371    i.GPIO_Pin_Get      sys.o
    0x900021a0   0x00000016   Code   RO         1372    i.GPIO_Pin_Set      sys.o
    0x900021b6   0x000000de   Code   RO         1373    i.GPIO_Set          sys.o
    0x90002294   0x00000064   Code   RO          875    i.GT9XX_ReadReg     touch.o
    0x900022f8   0x0000007c   Code   RO          876    i.GT9XX_Reset       touch.o
    0x90002374   0x00000028   Code   RO          877    i.GT9XX_WriteData   touch.o
    0x9000239c   0x00000034   Code   RO          878    i.GT9XX_WriteHandle  touch.o
    0x900023d0   0x00000002   Code   RO         2857    i.HAL_PCDEx_LPM_Callback  stm32h7xx_hal_pcd_ex.o
    0x900023d2   0x00000002   PAD
    0x900023d4   0x00000018   Code   RO         3211    i.HAL_PCD_ConnectCallback  usbd_conf.o
    0x900023ec   0x00000020   Code   RO         3212    i.HAL_PCD_DataInStageCallback  usbd_conf.o
    0x9000240c   0x00000020   Code   RO         3213    i.HAL_PCD_DataOutStageCallback  usbd_conf.o
    0x9000242c   0x0000003c   Code   RO         3214    i.HAL_PCD_DisconnectCallback  usbd_conf.o
    0x90002468   0x0000006a   Code   RO         2642    i.HAL_PCD_EP_ClrStall  stm32h7xx_hal_pcd.o
    0x900024d2   0x0000008e   Code   RO         2645    i.HAL_PCD_EP_Open   stm32h7xx_hal_pcd.o
    0x90002560   0x0000005a   Code   RO         2646    i.HAL_PCD_EP_Receive  stm32h7xx_hal_pcd.o
    0x900025ba   0x0000007c   Code   RO         2647    i.HAL_PCD_EP_SetStall  stm32h7xx_hal_pcd.o
    0x90002636   0x0000005c   Code   RO         2648    i.HAL_PCD_EP_Transmit  stm32h7xx_hal_pcd.o
    0x90002692   0x00000002   PAD
    0x90002694   0x00000730   Code   RO         2650    i.HAL_PCD_IRQHandler  stm32h7xx_hal_pcd.o
    0x90002dc4   0x00000012   Code   RO         3215    i.HAL_PCD_ISOINIncompleteCallback  usbd_conf.o
    0x90002dd6   0x00000012   Code   RO         3216    i.HAL_PCD_ISOOUTIncompleteCallback  usbd_conf.o
    0x90002de8   0x00000098   Code   RO         3218    i.HAL_PCD_ResetCallback  usbd_conf.o
    0x90002e80   0x00000028   Code   RO         3219    i.HAL_PCD_ResumeCallback  usbd_conf.o
    0x90002ea8   0x0000000e   Code   RO         3220    i.HAL_PCD_SOFCallback  usbd_conf.o
    0x90002eb6   0x00000032   Code   RO         2659    i.HAL_PCD_SetAddress  stm32h7xx_hal_pcd.o
    0x90002ee8   0x00000012   Code   RO         3221    i.HAL_PCD_SetupStageCallback  usbd_conf.o
    0x90002efa   0x00000002   PAD
    0x90002efc   0x0000003c   Code   RO         3222    i.HAL_PCD_SuspendCallback  usbd_conf.o
    0x90002f38   0x0000001e   Code   RO           90    i.KEY_IRQInit       key.o
    0x90002f56   0x00000002   PAD
    0x90002f58   0x00000058   Code   RO           91    i.KEY_Init          key.o
    0x90002fb0   0x00000064   Code   RO           93    i.KEY_Scan          key.o
    0x90003014   0x00000064   Code   RO          255    i.LCD_Clear         ltdc.o
    0x90003078   0x000000a0   Code   RO          257    i.LCD_DisplayChar   ltdc.o
    0x90003118   0x000000ec   Code   RO          258    i.LCD_DisplayChinese  ltdc.o
    0x90003204   0x0000000c   Code   RO          260    i.LCD_DisplayDirection  ltdc.o
    0x90003210   0x00000050   Code   RO          263    i.LCD_DisplayText   ltdc.o
    0x90003260   0x000000f4   Code   RO          268    i.LCD_DrawPoint     ltdc.o
    0x90003354   0x00000098   Code   RO          273    i.LCD_SetBackColor  ltdc.o
    0x900033ec   0x00000098   Code   RO          274    i.LCD_SetColor      ltdc.o
    0x90003484   0x0000000c   Code   RO          275    i.LCD_SetFont       ltdc.o
    0x90003490   0x00000018   Code   RO          276    i.LCD_SetLayer      ltdc.o
    0x900034a8   0x0000006c   Code   RO          277    i.LCD_SetTextFont   ltdc.o
    0x90003514   0x0000005c   Code   RO            4    i.LED_Init          led.o
    0x90003570   0x0000003c   Code   RO            7    i.LED_TOGGLE        led.o
    0x900035ac   0x000000cc   Code   RO          472    i.LTDC_IRQHandler   ltdc_bsp.o
    0x90003678   0x000002c0   Code   RO          279    i.LTDC_Init         ltdc.o
    0x90003938   0x00000078   Code   RO         1376    i.MY_NVIC_Init      sys.o
    0x900039b0   0x00000028   Code   RO         1377    i.MY_NVIC_PriorityGroupConfig  sys.o
    0x900039d8   0x00000010   Code   RO         1378    i.MY_NVIC_SetVectorTable  sys.o
    0x900039e8   0x00000050   Code   RO          203    i.MemManage_Handler  mpu.o
    0x90003a38   0x00000010   Code   RO         3223    i.OTG_FS_IRQHandler  usbd_conf.o
    0x90003a48   0x000000b4   Code   RO         2664    i.PCD_WriteEmptyTxFifo  stm32h7xx_hal_pcd.o
    0x90003afc   0x00000044   Code   RO          685    i.RTC_Alarm_IRQHandler  rtc.o
    0x90003b40   0x00000016   Code   RO          686    i.RTC_BCD2DEC       rtc.o
    0x90003b56   0x0000001c   Code   RO          687    i.RTC_DEC2BCD       rtc.o
    0x90003b72   0x00000002   PAD
    0x90003b74   0x00000044   Code   RO          688    i.RTC_Get_Date      rtc.o
    0x90003bb8   0x00000044   Code   RO          689    i.RTC_Get_Time      rtc.o
    0x90003bfc   0x0000017c   Code   RO          691    i.RTC_Init          rtc.o
    0x90003d78   0x00000040   Code   RO          692    i.RTC_Init_Mode     rtc.o
    0x90003db8   0x00000014   Code   RO          693    i.RTC_Read_BKR      rtc.o
    0x90003dcc   0x0000005c   Code   RO          695    i.RTC_Set_Date      rtc.o
    0x90003e28   0x0000005c   Code   RO          696    i.RTC_Set_Time      rtc.o
    0x90003e84   0x00000038   Code   RO          698    i.RTC_WKUP_IRQHandler  rtc.o
    0x90003ebc   0x00000040   Code   RO          699    i.RTC_Wait_Synchro  rtc.o
    0x90003efc   0x00000010   Code   RO          700    i.RTC_Write_BKR     rtc.o
    0x90003f0c   0x0000009c   Code   RO         1379    i.SCB_EnableDCache  sys.o
    0x90003fa8   0x0000007c   Code   RO         1380    i.SCB_EnableICache  sys.o
    0x90004024   0x000000dc   Code   RO         1093    i.SPIX_HARD_Init    spi.o
    0x90004100   0x0000003c   Code   RO         1000    i.SPI_W25Qxx_ReadID  w25q64.o
    0x9000413c   0x00000064   Code   RO         1381    i.Stm32_Clock_Init  sys.o
    0x900041a0   0x00000034   Code   RO         1506    i.SysTick_Handler   delay.o
    0x900041d4   0x00000240   Code   RO         1382    i.Sys_Clock_Set     sys.o
    0x90004414   0x00000010   Code   RO         1383    i.Sys_Soft_Reset    sys.o
    0x90004424   0x00000018   Code   RO          146    i.TIM2_IRQHandler   tim.o
    0x9000443c   0x00000024   Code   RO          147    i.TIM3_IRQHandler   tim.o
    0x90004460   0x0000003c   Code   RO         1812    i.TIM4_IRQHandler   usmart.o
    0x9000449c   0x00000044   Code   RO          148    i.TIM5_IRQHandler   tim.o
    0x900044e0   0x0000000c   Code   RO         1507    i.Tick_Times        delay.o
    0x900044ec   0x00000050   Code   RO         1813    i.Timer4_Init       usmart.o
    0x9000453c   0x00000054   Code   RO          880    i.Touch_IIC_ACK     touch.o
    0x90004590   0x00000026   Code   RO          881    i.Touch_IIC_Delay   touch.o
    0x900045b6   0x00000002   PAD
    0x900045b8   0x000000ac   Code   RO          882    i.Touch_IIC_GPIO_Config  touch.o
    0x90004664   0x00000048   Code   RO          883    i.Touch_IIC_NoACK   touch.o
    0x900046ac   0x0000005c   Code   RO          884    i.Touch_IIC_ReadByte  touch.o
    0x90004708   0x00000044   Code   RO          885    i.Touch_IIC_Start   touch.o
    0x9000474c   0x00000048   Code   RO          886    i.Touch_IIC_Stop    touch.o
    0x90004794   0x00000058   Code   RO          887    i.Touch_IIC_WaitACK  touch.o
    0x900047ec   0x00000068   Code   RO          888    i.Touch_IIC_WriteByte  touch.o
    0x90004854   0x00000160   Code   RO          889    i.Touch_Init        touch.o
    0x900049b4   0x00000094   Code   RO          890    i.Touch_Scan        touch.o
    0x90004a48   0x0000008c   Code   RO         1596    i.USART1_IRQHandler  usart.o
    0x90004ad4   0x00000016   Code   RO         3838    i.USBD_ClrClassConfig  usbd_core.o
    0x90004aea   0x00000044   Code   RO         3976    i.USBD_ClrFeature   usbd_ctlreq.o
    0x90004b2e   0x00000018   Code   RO         4071    i.USBD_CtlContinueRx  usbd_ioreq.o
    0x90004b46   0x00000018   Code   RO         4072    i.USBD_CtlContinueSendData  usbd_ioreq.o
    0x90004b5e   0x00000018   Code   RO         3977    i.USBD_CtlError     usbd_ctlreq.o
    0x90004b76   0x0000001a   Code   RO         4074    i.USBD_CtlReceiveStatus  usbd_ioreq.o
    0x90004b90   0x00000022   Code   RO         4075    i.USBD_CtlSendData  usbd_ioreq.o
    0x90004bb2   0x0000001a   Code   RO         4076    i.USBD_CtlSendStatus  usbd_ioreq.o
    0x90004bcc   0x00000050   Code   RO         3978    i.USBD_GetConfig    usbd_ctlreq.o
    0x90004c1c   0x00000148   Code   RO         3979    i.USBD_GetDescriptor  usbd_ctlreq.o
    0x90004d64   0x00000044   Code   RO         3981    i.USBD_GetStatus    usbd_ctlreq.o
    0x90004da8   0x00000014   Code   RO         3224    i.USBD_LL_ClearStallEP  usbd_conf.o
    0x90004dbc   0x000000da   Code   RO         3841    i.USBD_LL_DataInStage  usbd_core.o
    0x90004e96   0x00000086   Code   RO         3842    i.USBD_LL_DataOutStage  usbd_core.o
    0x90004f1c   0x00000006   Code   RO         3843    i.USBD_LL_DevConnected  usbd_core.o
    0x90004f22   0x0000001a   Code   RO         3844    i.USBD_LL_DevDisconnected  usbd_core.o
    0x90004f3c   0x00000038   Code   RO         3231    i.USBD_LL_IsStallEP  usbd_conf.o
    0x90004f74   0x00000006   Code   RO         3845    i.USBD_LL_IsoINIncomplete  usbd_core.o
    0x90004f7a   0x00000006   Code   RO         3846    i.USBD_LL_IsoOUTIncomplete  usbd_core.o
    0x90004f80   0x00000020   Code   RO         3232    i.USBD_LL_OpenEP    usbd_conf.o
    0x90004fa0   0x00000020   Code   RO         3233    i.USBD_LL_PrepareReceive  usbd_conf.o
    0x90004fc0   0x00000044   Code   RO         3847    i.USBD_LL_Reset     usbd_core.o
    0x90005004   0x0000000e   Code   RO         3848    i.USBD_LL_Resume    usbd_core.o
    0x90005012   0x00000022   Code   RO         3849    i.USBD_LL_SOF       usbd_core.o
    0x90005034   0x00000008   Code   RO         3850    i.USBD_LL_SetSpeed  usbd_core.o
    0x9000503c   0x00000020   Code   RO         3234    i.USBD_LL_SetUSBAddress  usbd_conf.o
    0x9000505c   0x0000006e   Code   RO         3851    i.USBD_LL_SetupStage  usbd_core.o
    0x900050ca   0x00000014   Code   RO         3235    i.USBD_LL_StallEP   usbd_conf.o
    0x900050de   0x00000014   Code   RO         3852    i.USBD_LL_Suspend   usbd_core.o
    0x900050f2   0x00000020   Code   RO         3238    i.USBD_LL_Transmit  usbd_conf.o
    0x90005112   0x00000028   Code   RO         3983    i.USBD_ParseSetupRequest  usbd_ctlreq.o
    0x9000513a   0x00000006   Code   RO         3854    i.USBD_RunTestMode  usbd_core.o
    0x90005140   0x00000054   Code   RO         3984    i.USBD_SetAddress   usbd_ctlreq.o
    0x90005194   0x00000022   Code   RO         3855    i.USBD_SetClassConfig  usbd_core.o
    0x900051b6   0x00000002   PAD
    0x900051b8   0x000000e0   Code   RO         3985    i.USBD_SetConfig    usbd_ctlreq.o
    0x90005298   0x00000024   Code   RO         3986    i.USBD_SetFeature   usbd_ctlreq.o
    0x900052bc   0x00000072   Code   RO         3987    i.USBD_StdDevReq    usbd_ctlreq.o
    0x9000532e   0x00000156   Code   RO         3988    i.USBD_StdEPReq     usbd_ctlreq.o
    0x90005484   0x0000004a   Code   RO         3989    i.USBD_StdItfReq    usbd_ctlreq.o
    0x900054ce   0x00000002   PAD
    0x900054d0   0x000000c4   Code   RO         2924    i.USB_ActivateEndpoint  stm32h7xx_ll_usb.o
    0x90005594   0x00000044   Code   RO         2925    i.USB_ActivateSetup  stm32h7xx_ll_usb.o
    0x900055d8   0x000001b0   Code   RO         2937    i.USB_EP0StartXfer  stm32h7xx_ll_usb.o
    0x90005788   0x00000044   Code   RO         2938    i.USB_EP0_OutStart  stm32h7xx_ll_usb.o
    0x900057cc   0x00000088   Code   RO         2939    i.USB_EPClearStall  stm32h7xx_ll_usb.o
    0x90005854   0x0000008c   Code   RO         2940    i.USB_EPSetStall    stm32h7xx_ll_usb.o
    0x900058e0   0x000002d0   Code   RO         2941    i.USB_EPStartXfer   stm32h7xx_ll_usb.o
    0x90005bb0   0x00000030   Code   RO         2944    i.USB_FlushTxFifo   stm32h7xx_ll_usb.o
    0x90005be0   0x00000044   Code   RO         2946    i.USB_GetDevSpeed   stm32h7xx_ll_usb.o
    0x90005c24   0x0000000a   Code   RO         2948    i.USB_GetMode       stm32h7xx_ll_usb.o
    0x90005c2e   0x00000012   Code   RO         2955    i.USB_ReadDevAllInEpInterrupt  stm32h7xx_ll_usb.o
    0x90005c40   0x00000012   Code   RO         2956    i.USB_ReadDevAllOutEpInterrupt  stm32h7xx_ll_usb.o
    0x90005c52   0x0000002c   Code   RO         2957    i.USB_ReadDevInEPInterrupt  stm32h7xx_ll_usb.o
    0x90005c7e   0x00000016   Code   RO         2958    i.USB_ReadDevOutEPInterrupt  stm32h7xx_ll_usb.o
    0x90005c94   0x0000000c   Code   RO         2959    i.USB_ReadInterrupts  stm32h7xx_ll_usb.o
    0x90005ca0   0x00000028   Code   RO         2960    i.USB_ReadPacket    stm32h7xx_ll_usb.o
    0x90005cc8   0x00000024   Code   RO         2963    i.USB_SetDevAddress  stm32h7xx_ll_usb.o
    0x90005cec   0x0000003a   Code   RO         2967    i.USB_WritePacket   stm32h7xx_ll_usb.o
    0x90005d26   0x00000002   PAD
    0x90005d28   0x00000064   Code   RO         1006    i.W25Q64_Init       w25q64.o
    0x90005d8c   0x00000030   Code   RO         5415    i.__ARM_fpclassify  m_wv.l(fpclassify.o)
    0x90005dbc   0x0000000e   Code   RO         5291    i._is_digit         c_w.l(__printf_wp.o)
    0x90005dca   0x00000004   Code   RO         1598    i._sys_exit         usart.o
    0x90005dce   0x00000002   PAD
    0x90005dd0   0x00000034   Code   RO         1509    i.delay_init        delay.o
    0x90005e04   0x0000001a   Code   RO         1510    i.delay_ms          delay.o
    0x90005e1e   0x00000002   PAD
    0x90005e20   0x00000050   Code   RO         1661    i.float_task        main.o
    0x90005e70   0x0000001c   Code   RO         1600    i.fputc             usart.o
    0x90005e8c   0x00000012   Code   RO         1662    i.led0_task         main.o
    0x90005e9e   0x00000002   PAD
    0x90005ea0   0x0000007c   Code   RO         1663    i.main              main.o
    0x90005f1c   0x00000098   Code   RO         4571    i.prvAddCurrentTaskToDelayedList  tasks.o
    0x90005fb4   0x000000b8   Code   RO         4572    i.prvAddNewTaskToReadyList  tasks.o
    0x9000606c   0x00000064   Code   RO         4947    i.prvCheckForValidListAndQueue  timers.o
    0x900060d0   0x00000064   Code   RO         4573    i.prvCheckTasksWaitingTermination  tasks.o
    0x90006134   0x0000002a   Code   RO         4323    i.prvCopyDataFromQueue  queue.o
    0x9000615e   0x0000007c   Code   RO         4324    i.prvCopyDataToQueue  queue.o
    0x900061da   0x00000012   Code   RO         4574    i.prvDeleteTCB      tasks.o
    0x900061ec   0x00000028   Code   RO         4948    i.prvGetNextExpireTime  timers.o
    0x90006214   0x0000007c   Code   RO         5089    i.prvHeapInit       heap_4.o
    0x90006290   0x00000028   Code   RO         4575    i.prvIdleTask       tasks.o
    0x900062b8   0x0000002e   Code   RO         4326    i.prvInitialiseNewQueue  queue.o
    0x900062e6   0x00000002   PAD
    0x900062e8   0x000000d0   Code   RO         4576    i.prvInitialiseNewTask  tasks.o
    0x900063b8   0x00000068   Code   RO         4577    i.prvInitialiseTaskLists  tasks.o
    0x90006420   0x00000068   Code   RO         5090    i.prvInsertBlockIntoFreeList  heap_4.o
    0x90006488   0x00000058   Code   RO         4950    i.prvInsertTimerInActiveList  timers.o
    0x900064e0   0x0000001a   Code   RO         4327    i.prvIsQueueEmpty   queue.o
    0x900064fa   0x0000001e   Code   RO         4328    i.prvIsQueueFull    queue.o
    0x90006518   0x000000a0   Code   RO         4329    i.prvNotifyQueueSetContainer  queue.o
    0x900065b8   0x00000080   Code   RO         4951    i.prvProcessExpiredTimer  timers.o
    0x90006638   0x0000012c   Code   RO         4952    i.prvProcessReceivedCommands  timers.o
    0x90006764   0x00000074   Code   RO         4953    i.prvProcessTimerOrBlockTask  timers.o
    0x900067d8   0x00000034   Code   RO         4579    i.prvResetNextTaskUnblockTime  tasks.o
    0x9000680c   0x0000002c   Code   RO         4954    i.prvSampleTimeNow  timers.o
    0x90006838   0x000000bc   Code   RO         4955    i.prvSwitchTimerLists  timers.o
    0x900068f4   0x0000007c   Code   RO         5151    i.prvTaskExitError  port.o
    0x90006970   0x0000001a   Code   RO         4956    i.prvTimerTask      timers.o
    0x9000698a   0x00000092   Code   RO         4330    i.prvUnlockQueue    queue.o
    0x90006a1c   0x00000154   Code   RO         5091    i.pvPortMalloc      heap_4.o
    0x90006b70   0x00000020   Code   RO         4583    i.pvTaskIncrementMutexHeldCount  tasks.o
    0x90006b90   0x0000002c   Code   RO         5152    i.pxPortInitialiseStack  port.o
    0x90006bbc   0x00000006   Code   RO         1814    i.read_addr         usmart.o
    0x90006bc2   0x00000002   PAD
    0x90006bc4   0x000000b0   Code   RO         1664    i.rtc_task          main.o
    0x90006c74   0x00000094   Code   RO         1665    i.start_task        main.o
    0x90006d08   0x000000bc   Code   RO         1601    i.uart1_init        usart.o
    0x90006dc4   0x000000b0   Code   RO         1815    i.usmart_cmd_rec    usmart.o
    0x90006e74   0x000002d4   Code   RO         1816    i.usmart_exe        usmart.o
    0x90007148   0x000000d4   Code   RO         1925    i.usmart_get_aparm  usmart_str.o
    0x9000721c   0x00000036   Code   RO         1926    i.usmart_get_cmdname  usmart_str.o
    0x90007252   0x00000002   PAD
    0x90007254   0x000001c0   Code   RO         1927    i.usmart_get_fname  usmart_str.o
    0x90007414   0x0000010c   Code   RO         1928    i.usmart_get_fparam  usmart_str.o
    0x90007520   0x00000020   Code   RO         1929    i.usmart_get_parmpos  usmart_str.o
    0x90007540   0x00000040   Code   RO         1817    i.usmart_get_runtime  usmart.o
    0x90007580   0x00000028   Code   RO         1818    i.usmart_init       usmart.o
    0x900075a8   0x00000016   Code   RO         1930    i.usmart_pow        usmart_str.o
    0x900075be   0x00000002   PAD
    0x900075c0   0x00000030   Code   RO         1819    i.usmart_reset_runtime  usmart.o
    0x900075f0   0x000000bc   Code   RO         1820    i.usmart_scan       usmart.o
    0x900076ac   0x00000016   Code   RO         1931    i.usmart_search_nextc  usmart_str.o
    0x900076c2   0x00000106   Code   RO         1932    i.usmart_str2num    usmart_str.o
    0x900077c8   0x00000022   Code   RO         1933    i.usmart_strcmp     usmart_str.o
    0x900077ea   0x00000016   Code   RO         1934    i.usmart_strcopy    usmart_str.o
    0x90007800   0x00000018   Code   RO         1935    i.usmart_strlen     usmart_str.o
    0x90007818   0x000006f4   Code   RO         1821    i.usmart_sys_cmd_exe  usmart.o
    0x90007f0c   0x00000028   Code   RO         4274    i.uxListRemove      list.o
    0x90007f34   0x0000001a   Code   RO         4275    i.vListInitialise   list.o
    0x90007f4e   0x00000006   Code   RO         4276    i.vListInitialiseItem  list.o
    0x90007f54   0x00000034   Code   RO         4277    i.vListInsert       list.o
    0x90007f88   0x00000018   Code   RO         4278    i.vListInsertEnd    list.o
    0x90007fa0   0x00000090   Code   RO         5154    i.vPortEnterCritical  port.o
    0x90008030   0x00000074   Code   RO         5155    i.vPortExitCritical  port.o
    0x900080a4   0x000000b8   Code   RO         5092    i.vPortFree         heap_4.o
    0x9000815c   0x00000020   Code   RO         5156    i.vPortSetupTimerInterrupt  port.o
    0x9000817c   0x000000a4   Code   RO         5157    i.vPortValidateInterruptPriority  port.o
    0x90008220   0x0000002c   Code   RO         4336    i.vQueueAddToRegistry  queue.o
    0x9000824c   0x0000004a   Code   RO         4340    i.vQueueWaitForMessageRestricted  queue.o
    0x90008296   0x00000002   PAD
    0x90008298   0x00000074   Code   RO         4591    i.vTaskDelay        tasks.o
    0x9000830c   0x0000010c   Code   RO         4593    i.vTaskDelete       tasks.o
    0x90008418   0x0000000c   Code   RO         4597    i.vTaskMissedYield  tasks.o
    0x90008424   0x00000054   Code   RO         4599    i.vTaskPlaceOnEventList  tasks.o
    0x90008478   0x0000005c   Code   RO         4600    i.vTaskPlaceOnEventListRestricted  tasks.o
    0x900084d4   0x000000b0   Code   RO         4602    i.vTaskPriorityInherit  tasks.o
    0x90008584   0x0000004c   Code   RO         4606    i.vTaskSetTimeOutState  tasks.o
    0x900085d0   0x000000b0   Code   RO         4607    i.vTaskStartScheduler  tasks.o
    0x90008680   0x00000010   Code   RO         4609    i.vTaskSuspendAll   tasks.o
    0x90008690   0x000000a8   Code   RO         4610    i.vTaskSwitchContext  tasks.o
    0x90008738   0x00000004   Code   RO         1822    i.write_addr        usmart.o
    0x9000873c   0x00000118   Code   RO         5158    i.xPortStartScheduler  port.o
    0x90008854   0x00000038   Code   RO         5159    i.xPortSysTickHandler  port.o
    0x9000888c   0x00000074   Code   RO         4345    i.xQueueGenericCreate  queue.o
    0x90008900   0x000001c8   Code   RO         4346    i.xQueueGenericReceive  queue.o
    0x90008ac8   0x000000b0   Code   RO         4347    i.xQueueGenericReset  queue.o
    0x90008b78   0x000001c4   Code   RO         4348    i.xQueueGenericSend  queue.o
    0x90008d3c   0x00000114   Code   RO         4349    i.xQueueGenericSendFromISR  queue.o
    0x90008e50   0x000000a0   Code   RO         4611    i.xTaskCheckForTimeOut  tasks.o
    0x90008ef0   0x00000060   Code   RO         4612    i.xTaskCreate       tasks.o
    0x90008f50   0x00000020   Code   RO         4616    i.xTaskGetSchedulerState  tasks.o
    0x90008f70   0x0000000c   Code   RO         4617    i.xTaskGetTickCount  tasks.o
    0x90008f7c   0x00000160   Code   RO         4619    i.xTaskIncrementTick  tasks.o
    0x900090dc   0x000000d8   Code   RO         4622    i.xTaskPriorityDisinherit  tasks.o
    0x900091b4   0x000000b4   Code   RO         4623    i.xTaskRemoveFromEventList  tasks.o
    0x90009268   0x00000120   Code   RO         4625    i.xTaskResumeAll    tasks.o
    0x90009388   0x00000074   Code   RO         4960    i.xTimerCreateTimerTask  timers.o
    0x900093fc   0x000000a4   Code   RO         4961    i.xTimerGenericCommand  timers.o
    0x900094a0   0x0000002c   Code   RO         5408    locale$$code        c_w.l(lc_numeric_c.o)
    0x900094cc   0x0000000a   Code   RO         5489    x$fpl$fpinit        fz_wv.l(fpinit.o)
    0x900094d6   0x00000004   Code   RO         5326    x$fpl$printf1       fz_wv.l(printf1.o)
    0x900094da   0x00000000   Code   RO         5414    x$fpl$usenofp       fz_wv.l(usenofp.o)
    0x900094da   0x0000bcac   Data   RO          281    .constdata          ltdc.o
    0x90015186   0x00000028   Data   RO         5264    .constdata          c_w.l(_printf_hex_int.o)
    0x900151ae   0x00000011   Data   RO         5299    .constdata          c_w.l(__printf_flags_ss_wp.o)
    0x900151bf   0x00000001   PAD
    0x900151c0   0x00000094   Data   RO         5379    .constdata          c_w.l(bigflt0.o)
    0x90015254   0x00000028   Data   RO         1823    .conststring        usmart.o
    0x9001527c   0x0000003c   Data   RO         1900    .conststring        usmart_config.o
    0x900152b8   0x00000020   Data   RO         5552    Region$$Table       anon$$obj.o
    0x900152d8   0x0000001c   Data   RO         5407    locale$$data        c_w.l(lc_numeric_c.o)



  Load Region LR_IROM1 (Base: 0x08000000, Size: 0x00000000, Max: 0x00200000, ABSOLUTE)

    Execution Region ER_IROM1 (Base: 0x08000000, Size: 0x00000000, Max: 0x00200000, ABSOLUTE)

    **** No section assigned to this execution region ****



  Load Region LR$$.ARM.__AT_0x00000000 (Base: 0x00000000, Size: 0x00000000, Max: 0x0000f000, ABSOLUTE)

    Execution Region ER$$.ARM.__AT_0x00000000 (Base: 0x00000000, Size: 0x0000f000, Max: 0x0000f000, ABSOLUTE, UNINIT)

    Base Addr    Size         Type   Attr      Idx    E Section Name        Object

    0x00000000   0x0000f000   Zero   RW         2018    .ARM.__AT_0x00000000  malloc.o



  Load Region LR$$.ARM.__AT_0x0000F000 (Base: 0x0000f000, Size: 0x00000000, Max: 0x00000f00, ABSOLUTE)

    Execution Region ER$$.ARM.__AT_0x0000F000 (Base: 0x0000f000, Size: 0x00000f00, Max: 0x00000f00, ABSOLUTE, UNINIT)

    Base Addr    Size         Type   Attr      Idx    E Section Name        Object

    0x0000f000   0x00000f00   Zero   RW         2019    .ARM.__AT_0x0000F000  malloc.o



  Load Region LR$$.ARM.__AT_0x2403FC00 (Base: 0x2403fc00, Size: 0x00000000, Max: 0x0002f800, ABSOLUTE)

    Execution Region ER$$.ARM.__AT_0x2403FC00 (Base: 0x2403fc00, Size: 0x0002f800, Max: 0x0002f800, ABSOLUTE, UNINIT)

    Base Addr    Size         Type   Attr      Idx    E Section Name        Object

    0x2403fc00   0x0002f800   Zero   RW         2020    .ARM.__AT_0x2403FC00  malloc.o



  Load Region LR$$.ARM.__AT_0x30000000 (Base: 0x30000000, Size: 0x00000000, Max: 0x0003c000, ABSOLUTE)

    Execution Region ER$$.ARM.__AT_0x30000000 (Base: 0x30000000, Size: 0x0003c000, Max: 0x0003c000, ABSOLUTE, UNINIT)

    Base Addr    Size         Type   Attr      Idx    E Section Name        Object

    0x30000000   0x0003c000   Zero   RW         2021    .ARM.__AT_0x30000000  malloc.o



  Load Region LR$$.ARM.__AT_0x3003C000 (Base: 0x3003c000, Size: 0x00000000, Max: 0x00003c00, ABSOLUTE)

    Execution Region ER$$.ARM.__AT_0x3003C000 (Base: 0x3003c000, Size: 0x00003c00, Max: 0x00003c00, ABSOLUTE, UNINIT)

    Base Addr    Size         Type   Attr      Idx    E Section Name        Object

    0x3003c000   0x00003c00   Zero   RW         2022    .ARM.__AT_0x3003C000  malloc.o



  Load Region LR$$.ARM.__AT_0x38000000 (Base: 0x38000000, Size: 0x00000000, Max: 0x0000f000, ABSOLUTE)

    Execution Region ER$$.ARM.__AT_0x38000000 (Base: 0x38000000, Size: 0x0000f000, Max: 0x0000f000, ABSOLUTE, UNINIT)

    Base Addr    Size         Type   Attr      Idx    E Section Name        Object

    0x38000000   0x0000f000   Zero   RW         2023    .ARM.__AT_0x38000000  malloc.o



  Load Region LR$$.ARM.__AT_0x3800F000 (Base: 0x3800f000, Size: 0x00000000, Max: 0x00000f00, ABSOLUTE)

    Execution Region ER$$.ARM.__AT_0x3800F000 (Base: 0x3800f000, Size: 0x00000f00, Max: 0x00000f00, ABSOLUTE, UNINIT)

    Base Addr    Size         Type   Attr      Idx    E Section Name        Object

    0x3800f000   0x00000f00   Zero   RW         2024    .ARM.__AT_0x3800F000  malloc.o


==============================================================================

Image component sizes


      Code (inc. data)   RO Data    RW Data    ZI Data      Debug   Object Name

       328         18          0          0          0        608   adc.o
       142         18          0          8          0      12299   delay.o
         0          0          0          0          0      11768   event_groups.o
       752        176          0         24      47104       3979   heap_4.o
       270         22          0         12          0       3172   key.o
       152         12          0          8          0     998437   led.o
       148          0          0          0          0       3222   list.o
      1984        156      48300        128         20      15894   ltdc.o
      1292         10          0          0          0       5777   ltdc_bsp.o
       546        178          0         24          0      18079   main.o
         0          0          0          0     586240       1971   malloc.o
        80         44          0          0          0        512   mpu.o
      1146        410          0         12          0      10833   port.o
      2168        238          0          0         64      15865   queue.o
      1038         82          0          0          0       8782   rtc.o
       612         18          0          0          0       3628   spi.o
        96         30        664          0       1536        828   startup_stm32h750xx.o
      2624         56          0          0          0       8011   stm32h7xx_hal_pcd.o
         2          0          0          0          0        977   stm32h7xx_hal_pcd_ex.o
      2134         20          0          0          0      12573   stm32h7xx_ll_usb.o
      1684         84          0          4          0      43962   sys.o
      3410        878          0         60        740      29611   tasks.o
       128         14          0          1          0       1514   tim.o
      1310        312          0         20         40       8867   timers.o
      1606        190          0          2         22      11480   touch.o
       360         36          0          6        200       4139   usart.o
       708        188          0          1       1024      12645   usbd_conf.o
       712          0          0          0          0      10575   usbd_core.o
      1482         30          0          1          0       9315   usbd_ctlreq.o
       134          0          0          0          0       3880   usbd_ioreq.o
      3170       1350         40         28          0       7862   usmart.o
         0          0         60        260          0       1556   usmart_config.o
      1400         20          0          0          0       9053   usmart_str.o
       160         64          0          0          0       1234   w25q64.o

    ----------------------------------------------------------------------
     31814       4654      49096        608     636992    1292908   Object Totals
         0          0         32          0          0          0   (incl. Generated)
        36          0          0          9          2          0   (incl. Padding)

    ----------------------------------------------------------------------

      Code (inc. data)   RO Data    RW Data    ZI Data      Debug   Library Member Name

        90          0          0          0          0          0   __dczerorl2.o
         8          0          0          0          0         68   __main.o
       392          4         17          0          0         92   __printf_flags_ss_wp.o
        14          0          0          0          0         68   __printf_wp.o
         0          0          0          0          0          0   __rtentry.o
        12          0          0          0          0          0   __rtentry2.o
         6          0          0          0          0          0   __rtentry4.o
        52          8          0          0          0          0   __scatter.o
        28          0          0          0          0          0   __scatter_zi.o
         6          0          0          0          0          0   _printf_c.o
        44          0          0          0          0        108   _printf_char.o
        48          6          0          0          0         96   _printf_char_common.o
        36          4          0          0          0         80   _printf_char_file.o
         6          0          0          0          0          0   _printf_d.o
       120         16          0          0          0         92   _printf_dec.o
         6          0          0          0          0          0   _printf_f.o
      1050          0          0          0          0        216   _printf_fp_dec.o
       128         16          0          0          0         84   _printf_fp_infnan.o
        88          4         40          0          0         88   _printf_hex_int.o
       178          0          0          0          0         88   _printf_intcommon.o
        78          0          0          0          0        108   _printf_pad.o
         0          0          0          0          0          0   _printf_percent.o
         4          0          0          0          0          0   _printf_percent_end.o
         6          0          0          0          0          0   _printf_s.o
        82          0          0          0          0         80   _printf_str.o
         6          0          0          0          0          0   _printf_u.o
         6          0          0          0          0          0   _printf_x.o
        10          0          0          0          0         68   _sputc.o
        16          0          0          0          0         68   aeabi_memset.o
       220          4        148          0          0         96   bigflt0.o
      1910        128          0          0          0        672   btod.o
        18          0          0          0          0         80   exit.o
         8          0          0          0          0         68   ferror.o
         6          0          0          0          0        152   heapauxi.o
        44         10         28          0          0         76   lc_numeric_c.o
         2          0          0          0          0          0   libinit.o
        22          0          0          0          0          0   libinit2.o
         2          0          0          0          0          0   libshutdown.o
         2          0          0          0          0          0   libshutdown2.o
         8          4          0          0         96         68   libspace.o
       138          0          0          0          0         80   lludiv10.o
        24          4          0          0          0         84   noretval__2printf.o
        40          6          0          0          0         84   noretval__2sprintf.o
         8          4          0          0          0         68   rt_locale_intlibspace.o
        68          0          0          0          0         68   rt_memclr.o
        78          0          0          0          0         80   rt_memclr_w.o
       138          0          0          0          0         68   rt_memcpy_v6.o
       100          0          0          0          0         80   rt_memcpy_w.o
         2          0          0          0          0          0   rtexit.o
        10          0          0          0          0          0   rtexit2.o
       104          0          0          0          0         68   strcmpv7m_pel.o
        74          0          0          0          0         80   sys_stackheap_outer.o
         2          0          0          0          0         68   use_no_semi.o
         2          0          0          0          0         68   use_no_semi_2.o
        10          0          0          0          0        116   fpinit.o
         4          0          0          0          0        116   printf1.o
         0          0          0          0          0          0   usenofp.o
        48          0          0          0          0        124   fpclassify.o

    ----------------------------------------------------------------------
      5628        218        234          0         96       3868   Library Totals
        16          0          1          0          0          0   (incl. Padding)

    ----------------------------------------------------------------------

      Code (inc. data)   RO Data    RW Data    ZI Data      Debug   Library Name

      5550        218        233          0         96       3512   c_w.l
        14          0          0          0          0        232   fz_wv.l
        48          0          0          0          0        124   m_wv.l

    ----------------------------------------------------------------------
      5628        218        234          0         96       3868   Library Totals

    ----------------------------------------------------------------------

==============================================================================


      Code (inc. data)   RO Data    RW Data    ZI Data      Debug   

     37442       4872      49330        608     637088    1268900   Grand Totals
     37442       4872      49330        192     637088    1268900   ELF Image Totals (compressed)
     37442       4872      49330        192          0          0   ROM Totals

==============================================================================

    Total RO  Size (Code + RO Data)                86772 (  84.74kB)
    Total RW  Size (RW Data + ZI Data)            637696 ( 622.75kB)
    Total ROM Size (Code + RO Data + RW Data)      86964 (  84.93kB)

==============================================================================

