<html>
<body>
<pre>
<h1>µVision Build Log</h1>
<h2>Tool Versions:</h2>
IDE-Version: ¦ÌVision V5.18.0.0
Copyright (C) 2016 ARM Ltd and ARM Germany GmbH. All rights reserved.
License Information: YangYue Admin, YangYue, LIC=2TTFW-Q7ZK5-PF4IX-HMU9G-LD2A9-J2KGX
 
Tool Versions:
Toolchain:       MDK-ARM Professional  Version: 5.18
Toolchain Path:  C:\Keil_v5\ARM\ARMCC\Bin
C Compiler:      Armcc.exe V5.06 update 1 (build 61)
Assembler:       Armasm.exe V5.06 update 1 (build 61)
Linker/Locator:  ArmLink.exe V5.06 update 1 (build 61)
Library Manager: ArmAr.exe V5.06 update 1 (build 61)
Hex Converter:   FromElf.exe V5.06 update 1 (build 61)
CPU DLL:         SARMCM3.DLL V5.18
Dialog DLL:      DCM.DLL V1.13.6.0
Target DLL:      Segger\JL2CM3.dll V2.99.18.0
Dialog DLL:      TCM.DLL V1.14.8.0
 
<h2>Project:</h2>
F:\SDK\µ¥Æ¬»úÑ§Ï°\STM32H750\PROJECT\15.FreeRTOS\USER\H750.uvprojx
Project File Date:  08/23/2021

<h2>Output:</h2>
*** Using Compiler 'V5.06 update 1 (build 61)', folder: 'C:\Keil_v5\ARM\ARMCC\Bin'
Build target 'H750'
compiling LED.c...
compiling KEY.c...
compiling TIM.c...
..\HARDWARE\TIM\TIM.c(122): warning:  #1-D: last line of file ends without a newline
  }
..\HARDWARE\TIM\TIM.c: 1 warning, 0 errors
compiling MPU.c...
compiling LTDC.c...
compiling LTDC_BSP.c...
compiling RTC.c...
..\HARDWARE\RTC\RTC.c(285): warning:  #177-D: variable "led1sta" was declared but never referenced
  	static u8 led1sta;		
..\HARDWARE\RTC\RTC.c: 1 warning, 0 errors
compiling ADC.c...
compiling TOUCH.c...
..\HARDWARE\TOUCH\TOUCH.c(429): warning:  #223-D: function "printf" declared implicitly
  		printf("Touch ID: GT%.4s \r\n",GT9XX_Info);	//??Ó¡´¥??Ð¾Æ¬??ID
..\HARDWARE\TOUCH\TOUCH.c(442): warning:  #223-D: function "printf" declared implicitly
  		printf("Touch Error\r\n");	//???ó£?Î´?ì²âµ?´¥????
..\HARDWARE\TOUCH\TOUCH.c: 2 warnings, 0 errors
compiling W25Q64.c...
..\HARDWARE\W25Q64\W25Q64.h(89): warning:  #1-D: last line of file ends without a newline
  #endif //spi_w25q64
..\HARDWARE\W25Q64\SPI.h(68): warning:  #1-D: last line of file ends without a newline
  #endif
..\HARDWARE\W25Q64\BSPQSPI.h(51): warning:  #1-D: last line of file ends without a newline
  #endif
..\HARDWARE\W25Q64\W25Q64.c: 3 warnings, 0 errors
compiling BSPQSPI.c...
..\HARDWARE\W25Q64\BSPQSPI.h(51): warning:  #1-D: last line of file ends without a newline
  #endif
..\HARDWARE\W25Q64\BSPQSPI.c: 1 warning, 0 errors
compiling SPI.c...
..\HARDWARE\W25Q64\SPI.h(68): warning:  #1-D: last line of file ends without a newline
  #endif
..\HARDWARE\W25Q64\SPI.c: 1 warning, 0 errors
compiling sdmmc_sdcard.c...
compiling sys.c...
compiling delay.c...
..\SYSTEM\delay\delay.c(26): warning:  #223-D: function "xPortSysTickHandler" declared implicitly
          xPortSysTickHandler();	
..\SYSTEM\delay\delay.c: 1 warning, 0 errors
compiling usart.c...
compiling main.c...
..\HARDWARE\W25Q64\W25Q64.h(89): warning:  #1-D: last line of file ends without a newline
  #endif //spi_w25q64
..\USB\USB_HAL\stm32h7xx_hal_pcd.h(312): warning:  #47-D: incompatible redefinition of macro "IS_PCD_ALL_INSTANCE" (declared at line 26521 of "..\SYSTEM\sys\stm32h750xx.h")
  #define IS_PCD_ALL_INSTANCE(INSTANCE) (((INSTANCE) == USB1_OTG_HS) || \
main.c(77): warning:  #177-D: variable "t" was declared but never referenced
  	u8 t=0;	
main.c(78): warning:  #177-D: variable "res" was declared but never referenced
  	u8 res=0;
main.c(150): warning:  #167-D: argument of type "u8 *" is incompatible with parameter of type "char *"
  			LCD_DisplayText(30,40,tbuf);	
main.c(153): warning:  #167-D: argument of type "u8 *" is incompatible with parameter of type "char *"
              LCD_DisplayText(30,80,tbuf);	
main.c(155): warning:  #167-D: argument of type "u8 *" is incompatible with parameter of type "char *"
              LCD_DisplayText(30,120,tbuf);
main.c: 7 warnings, 0 errors
compiling usmart.c...
compiling usmart_config.c...
compiling usmart_str.c...
compiling diskio.c...
..\HARDWARE\W25Q64\W25Q64.h(89): warning:  #1-D: last line of file ends without a newline
  #endif //spi_w25q64
..\FatFs\diskio.c: 1 warning, 0 errors
compiling malloc.c...
compiling ffunicode.c...
compiling ff.c...
compiling ffsystem.c...
..\FatFs\ffsystem.c(44): warning:  #9-D: nested comment is not allowed
  /*------------------------------------------------------------------------*/
..\FatFs\ffsystem.c: 1 warning, 0 errors
compiling stm32h7xx_hal_pcd.c...
..\USB\USB_HAL\stm32h7xx_hal_pcd.h(312): warning:  #47-D: incompatible redefinition of macro "IS_PCD_ALL_INSTANCE" (declared at line 26521 of "..\SYSTEM\sys\stm32h750xx.h")
  #define IS_PCD_ALL_INSTANCE(INSTANCE) (((INSTANCE) == USB1_OTG_HS) || \
..\USB\USB_HAL\stm32h7xx_hal_pcd.c: 1 warning, 0 errors
compiling fattester.c...
compiling exfuns.c...
..\FatFs\exfuns.c(43): warning:  #167-D: argument of type "u8 *" is incompatible with parameter of type "char *restrict"
      sprintf(tbuf,"SD Total Size:  %d  MB\r\n",total>>10);
..\FatFs\exfuns.c(44): warning:  #167-D: argument of type "u8 *" is incompatible with parameter of type "const char *restrict"
  	printf(tbuf);
..\FatFs\exfuns.c(45): warning:  #167-D: argument of type "u8 *" is incompatible with parameter of type "char *restrict"
      sprintf(tbuf,"SD FREE Size:  %d  MB\r\n",free>>10);//??Ê¾SD¿¨Ê£????Á¿ MB
..\FatFs\exfuns.c(46): warning:  #167-D: argument of type "u8 *" is incompatible with parameter of type "const char *restrict"
      printf(tbuf);
..\FatFs\exfuns.c(51): warning:  #167-D: argument of type "u8 *" is incompatible with parameter of type "char *restrict"
      sprintf(tbuf,"FLASH Total Size:  %d  MB\r\n",total>>10);
..\FatFs\exfuns.c(52): warning:  #167-D: argument of type "u8 *" is incompatible with parameter of type "const char *restrict"
  	printf(tbuf);
..\FatFs\exfuns.c(53): warning:  #167-D: argument of type "u8 *" is incompatible with parameter of type "char *restrict"
      sprintf(tbuf,"FLASH FREE Size:  %d  MB\r\n",free>>10);//??Ê¾SD¿¨Ê£????Á¿ MB
..\FatFs\exfuns.c(54): warning:  #167-D: argument of type "u8 *" is incompatible with parameter of type "const char *restrict"
      printf(tbuf);
..\FatFs\exfuns.c: 8 warnings, 0 errors
compiling stm32h7xx_hal_pcd_ex.c...
..\USB\USB_HAL\stm32h7xx_hal_pcd.h(312): warning:  #47-D: incompatible redefinition of macro "IS_PCD_ALL_INSTANCE" (declared at line 26521 of "..\SYSTEM\sys\stm32h750xx.h")
  #define IS_PCD_ALL_INSTANCE(INSTANCE) (((INSTANCE) == USB1_OTG_HS) || \
..\USB\USB_HAL\stm32h7xx_hal_pcd_ex.c: 1 warning, 0 errors
compiling stm32h7xx_ll_usb.c...
..\USB\USB_HAL\stm32h7xx_hal_pcd.h(312): warning:  #47-D: incompatible redefinition of macro "IS_PCD_ALL_INSTANCE" (declared at line 26521 of "..\SYSTEM\sys\stm32h750xx.h")
  #define IS_PCD_ALL_INSTANCE(INSTANCE) (((INSTANCE) == USB1_OTG_HS) || \
..\USB\USB_HAL\stm32h7xx_ll_usb.c: 1 warning, 0 errors
compiling usbd_conf.c...
..\USB\USB_HAL\stm32h7xx_hal_pcd.h(312): warning:  #47-D: incompatible redefinition of macro "IS_PCD_ALL_INSTANCE" (declared at line 26521 of "..\SYSTEM\sys\stm32h750xx.h")
  #define IS_PCD_ALL_INSTANCE(INSTANCE) (((INSTANCE) == USB1_OTG_HS) || \
..\USB\USB_APP\usbd_conf.c: 1 warning, 0 errors
compiling usbd_desc.c...
..\USB\USB_HAL\stm32h7xx_hal_pcd.h(312): warning:  #47-D: incompatible redefinition of macro "IS_PCD_ALL_INSTANCE" (declared at line 26521 of "..\SYSTEM\sys\stm32h750xx.h")
  #define IS_PCD_ALL_INSTANCE(INSTANCE) (((INSTANCE) == USB1_OTG_HS) || \
..\USB\USB_APP\usbd_desc.c: 1 warning, 0 errors
compiling usbd_storage.c...
..\USB\USB_HAL\stm32h7xx_hal_pcd.h(312): warning:  #47-D: incompatible redefinition of macro "IS_PCD_ALL_INSTANCE" (declared at line 26521 of "..\SYSTEM\sys\stm32h750xx.h")
  #define IS_PCD_ALL_INSTANCE(INSTANCE) (((INSTANCE) == USB1_OTG_HS) || \
..\HARDWARE\W25Q64\W25Q64.h(89): warning:  #1-D: last line of file ends without a newline
  #endif //spi_w25q64
..\USB\USB_APP\usbd_storage.c: 2 warnings, 0 errors
compiling usbd_msc_bot.c...
..\USB\USB_HAL\stm32h7xx_hal_pcd.h(312): warning:  #47-D: incompatible redefinition of macro "IS_PCD_ALL_INSTANCE" (declared at line 26521 of "..\SYSTEM\sys\stm32h750xx.h")
  #define IS_PCD_ALL_INSTANCE(INSTANCE) (((INSTANCE) == USB1_OTG_HS) || \
..\USB\STM32_USB_Device_Library\Class\MSC\Src\usbd_msc_bot.c: 1 warning, 0 errors
compiling usbd_msc.c...
..\USB\USB_HAL\stm32h7xx_hal_pcd.h(312): warning:  #47-D: incompatible redefinition of macro "IS_PCD_ALL_INSTANCE" (declared at line 26521 of "..\SYSTEM\sys\stm32h750xx.h")
  #define IS_PCD_ALL_INSTANCE(INSTANCE) (((INSTANCE) == USB1_OTG_HS) || \
..\USB\STM32_USB_Device_Library\Class\MSC\Src\usbd_msc.c: 1 warning, 0 errors
compiling usbd_msc_data.c...
..\USB\USB_HAL\stm32h7xx_hal_pcd.h(312): warning:  #47-D: incompatible redefinition of macro "IS_PCD_ALL_INSTANCE" (declared at line 26521 of "..\SYSTEM\sys\stm32h750xx.h")
  #define IS_PCD_ALL_INSTANCE(INSTANCE) (((INSTANCE) == USB1_OTG_HS) || \
..\USB\STM32_USB_Device_Library\Class\MSC\Src\usbd_msc_data.c: 1 warning, 0 errors
compiling usbd_core.c...
..\USB\USB_HAL\stm32h7xx_hal_pcd.h(312): warning:  #47-D: incompatible redefinition of macro "IS_PCD_ALL_INSTANCE" (declared at line 26521 of "..\SYSTEM\sys\stm32h750xx.h")
  #define IS_PCD_ALL_INSTANCE(INSTANCE) (((INSTANCE) == USB1_OTG_HS) || \
..\USB\STM32_USB_Device_Library\Core\Src\usbd_core.c: 1 warning, 0 errors
compiling usbd_msc_scsi.c...
..\USB\USB_HAL\stm32h7xx_hal_pcd.h(312): warning:  #47-D: incompatible redefinition of macro "IS_PCD_ALL_INSTANCE" (declared at line 26521 of "..\SYSTEM\sys\stm32h750xx.h")
  #define IS_PCD_ALL_INSTANCE(INSTANCE) (((INSTANCE) == USB1_OTG_HS) || \
..\USB\STM32_USB_Device_Library\Class\MSC\Src\usbd_msc_scsi.c: 1 warning, 0 errors
compiling usbd_ctlreq.c...
..\USB\USB_HAL\stm32h7xx_hal_pcd.h(312): warning:  #47-D: incompatible redefinition of macro "IS_PCD_ALL_INSTANCE" (declared at line 26521 of "..\SYSTEM\sys\stm32h750xx.h")
  #define IS_PCD_ALL_INSTANCE(INSTANCE) (((INSTANCE) == USB1_OTG_HS) || \
..\USB\STM32_USB_Device_Library\Core\Src\usbd_ctlreq.c: 1 warning, 0 errors
compiling usbd_ioreq.c...
..\USB\USB_HAL\stm32h7xx_hal_pcd.h(312): warning:  #47-D: incompatible redefinition of macro "IS_PCD_ALL_INSTANCE" (declared at line 26521 of "..\SYSTEM\sys\stm32h750xx.h")
  #define IS_PCD_ALL_INSTANCE(INSTANCE) (((INSTANCE) == USB1_OTG_HS) || \
..\USB\STM32_USB_Device_Library\Core\Src\usbd_ioreq.c: 1 warning, 0 errors
compiling croutine.c...
compiling event_groups.c...
..\FreeRTOS\event_groups.c(215): warning:  #223-D: function "printf" declared implicitly
  	
onfigASSERT( ( uxBitsToWaitFor & eventEVENT_BITS_CONTROL_BYTES ) == 0 );
..\FreeRTOS\event_groups.c(333): warning:  #223-D: function "printf" declared implicitly
  	
onfigASSERT( xEventGroup );
..\FreeRTOS\event_groups.c(479): warning:  #223-D: function "printf" declared implicitly
  	
onfigASSERT( xEventGroup );
..\FreeRTOS\event_groups.c(541): warning:  #223-D: function "printf" declared implicitly
  	
onfigASSERT( xEventGroup );
..\FreeRTOS\event_groups.c(637): warning:  #223-D: function "printf" declared implicitly
  			
onfigASSERT( pxTasksWaitingForBits->xListEnd.pxNext != ( ListItem_t * ) &( pxTasksWaitingForBits->xListEnd ) );
..\FreeRTOS\event_groups.c: 5 warnings, 0 errors
compiling list.c...
compiling queue.c...
..\FreeRTOS\queue.c(283): warning:  #223-D: function "printf" declared implicitly
  	
onfigASSERT( pxQueue );
..\FreeRTOS\queue.c(392): warning:  #223-D: function "printf" declared implicitly
  		
onfigASSERT( uxQueueLength > ( UBaseType_t ) 0 );
..\FreeRTOS\queue.c(577): warning:  #223-D: function "printf" declared implicitly
  		
onfigASSERT( pxMutex );
..\FreeRTOS\queue.c(632): warning:  #223-D: function "printf" declared implicitly
  		
onfigASSERT( pxMutex );
..\FreeRTOS\queue.c(701): warning:  #223-D: function "printf" declared implicitly
  		
onfigASSERT( uxMaxCount != 0 );
..\FreeRTOS\queue.c(729): warning:  #223-D: function "printf" declared implicitly
  	
onfigASSERT( pxQueue );
..\FreeRTOS\queue.c(927): warning:  #223-D: function "printf" declared implicitly
  	
onfigASSERT( pxQueue );
..\FreeRTOS\queue.c(1084): warning:  #223-D: function "printf" declared implicitly
  	
onfigASSERT( pxQueue );
..\FreeRTOS\queue.c(1244): warning:  #223-D: function "printf" declared implicitly
  	
onfigASSERT( pxQueue );
..\FreeRTOS\queue.c(1440): warning:  #223-D: function "printf" declared implicitly
  	
onfigASSERT( pxQueue );
..\FreeRTOS\queue.c(1532): warning:  #223-D: function "printf" declared implicitly
  	
onfigASSERT( pxQueue );
..\FreeRTOS\queue.c(1583): warning:  #223-D: function "printf" declared implicitly
  	
onfigASSERT( xQueue );
..\FreeRTOS\queue.c(1601): warning:  #223-D: function "printf" declared implicitly
  	
onfigASSERT( pxQueue );
..\FreeRTOS\queue.c(1617): warning:  #223-D: function "printf" declared implicitly
  	
onfigASSERT( xQueue );
..\FreeRTOS\queue.c(1629): warning:  #223-D: function "printf" declared implicitly
  	
onfigASSERT( pxQueue );
..\FreeRTOS\queue.c(1939): warning:  #223-D: function "printf" declared implicitly
  	
onfigASSERT( xQueue );
..\FreeRTOS\queue.c(1978): warning:  #223-D: function "printf" declared implicitly
  	
onfigASSERT( xQueue );
..\FreeRTOS\queue.c(2510): warning:  #223-D: function "printf" declared implicitly
  		
onfigASSERT( pxQueueSetContainer );
..\FreeRTOS\queue.c: 18 warnings, 0 errors
compiling tasks.c...
compiling timers.c...
..\FreeRTOS\timers.c(307): warning:  #223-D: function "printf" declared implicitly
  	
onfigASSERT( xReturn );
..\FreeRTOS\timers.c(396): warning:  #223-D: function "printf" declared implicitly
  	
onfigASSERT( ( xTimerPeriodInTicks > 0 ) );
..\FreeRTOS\timers.c(422): warning:  #223-D: function "printf" declared implicitly
  	
onfigASSERT( xTimer );
..\FreeRTOS\timers.c(464): warning:  #223-D: function "printf" declared implicitly
  	
onfigASSERT( ( xTimerTaskHandle != NULL ) );
..\FreeRTOS\timers.c(473): warning:  #223-D: function "printf" declared implicitly
  	
onfigASSERT( xTimer );
..\FreeRTOS\timers.c(483): warning:  #223-D: function "printf" declared implicitly
  	
onfigASSERT( xTimer );
..\FreeRTOS\timers.c(493): warning:  #223-D: function "printf" declared implicitly
  	
onfigASSERT( xTimer );
..\FreeRTOS\timers.c(520): warning:  #223-D: function "printf" declared implicitly
  			
onfigASSERT( xResult );
..\FreeRTOS\timers.c(743): warning:  #223-D: function "printf" declared implicitly
  				
onfigASSERT( pxCallback );
..\FreeRTOS\timers.c(801): warning:  #223-D: function "printf" declared implicitly
  							
onfigASSERT( xResult );
..\FreeRTOS\timers.c(824): warning:  #223-D: function "printf" declared implicitly
  					
onfigASSERT( ( pxTimer->xTimerPeriodInTicks > 0 ) );
..\FreeRTOS\timers.c(914): warning:  #223-D: function "printf" declared implicitly
  				
onfigASSERT( xResult );
..\FreeRTOS\timers.c(986): warning:  #223-D: function "printf" declared implicitly
  	
onfigASSERT( xTimer );
..\FreeRTOS\timers.c(1007): warning:  #223-D: function "printf" declared implicitly
  	
onfigASSERT( xTimer );
..\FreeRTOS\timers.c(1023): warning:  #223-D: function "printf" declared implicitly
  	
onfigASSERT( xTimer );
..\FreeRTOS\timers.c(1067): warning:  #223-D: function "printf" declared implicitly
  		
onfigASSERT( xTimerQueue );
..\FreeRTOS\timers.c: 16 warnings, 0 errors
compiling heap_4.c...
..\FreeRTOS\portable\MemMang\heap_4.c(191): warning:  #223-D: function "printf" declared implicitly
  					
onfigASSERT( ( xWantedSize & portBYTE_ALIGNMENT_MASK ) == 0 );
..\FreeRTOS\portable\MemMang\heap_4.c(236): warning:  #223-D: function "printf" declared implicitly
  						
onfigASSERT( ( ( ( size_t ) pxNewBlockLink ) & portBYTE_ALIGNMENT_MASK ) == 0 );
..\FreeRTOS\portable\MemMang\heap_4.c(300): warning:  #223-D: function "printf" declared implicitly
  	
onfigASSERT( ( ( ( size_t ) pvReturn ) & ( size_t ) portBYTE_ALIGNMENT_MASK ) == 0 );
..\FreeRTOS\portable\MemMang\heap_4.c(320): warning:  #223-D: function "printf" declared implicitly
  		
onfigASSERT( ( pxLink->xBlockSize & xBlockAllocatedBit ) != 0 );
..\FreeRTOS\portable\MemMang\heap_4.c: 4 warnings, 0 errors
compiling port.c...
..\FreeRTOS\portable\RVDS\ARM_CM7\r0p1\port.c(265): warning:  #223-D: function "printf" declared implicitly
  	
onfigASSERT( uxCriticalNesting == ~0UL );
..\FreeRTOS\portable\RVDS\ARM_CM7\r0p1\port.c(355): warning:  #223-D: function "printf" declared implicitly
  		
onfigASSERT( ucMaxPriorityValue == ( configKERNEL_INTERRUPT_PRIORITY & ucMaxPriorityValue ) );
..\FreeRTOS\portable\RVDS\ARM_CM7\r0p1\port.c(409): warning:  #223-D: function "printf" declared implicitly
  	
onfigASSERT( uxCriticalNesting == 1000UL );
..\FreeRTOS\portable\RVDS\ARM_CM7\r0p1\port.c(425): warning:  #223-D: function "printf" declared implicitly
  		
onfigASSERT( ( portNVIC_INT_CTRL_REG & portVECTACTIVE_MASK ) == 0 );
..\FreeRTOS\portable\RVDS\ARM_CM7\r0p1\port.c(432): warning:  #223-D: function "printf" declared implicitly
  	
onfigASSERT( uxCriticalNesting );
..\FreeRTOS\portable\RVDS\ARM_CM7\r0p1\port.c(754): warning:  #223-D: function "printf" declared implicitly
  			
onfigASSERT( ucCurrentPriority >= ucMaxSysCallPriority );
..\FreeRTOS\portable\RVDS\ARM_CM7\r0p1\port.c(770): warning:  #223-D: function "printf" declared implicitly
  		
onfigASSERT( ( portAIRCR_REG & portPRIORITY_GROUP_MASK ) <= ulMaxPRIGROUPValue );
..\FreeRTOS\portable\RVDS\ARM_CM7\r0p1\port.c: 7 warnings, 0 errors
linking...
Program Size: Code=37442 RO-data=49330 RW-data=608 ZI-data=637088  
FromELF: creating hex file...
"..\OBJ\H750.axf" - 0 Error(s), 91 Warning(s).

<h2>Collection of Component include folders:</h2>
  F:\SDK\µ¥Æ¬»úÑ§Ï°\STM32H750\PROJECT\15.FreeRTOS\USER\RTE
  C:\Keil_v5\ARM\PACK\Keil\STM32H7xx_DFP\2.7.0\Drivers\CMSIS\Device\ST\STM32H7xx\Include

<h2>Collection of Component Files used:</h2>
Build Time Elapsed:  00:01:52
</pre>
</body>
</html>
